 mcf6

 Timestamp is 4fedc527 (Fri Jun 29 23:09:27 2012)

 Preferred load address is 00400000

 Start         Length     Name                   Class
 0001:00000000 0000b7b0H .text                   CODE
 0001:0000b7b0 000007e0H .text$x                 CODE
 0001:0000bf90 00000161H .text$yc                CODE
 0001:0000c100 0000003cH .text$yd                CODE
 0002:00000000 00000564H .idata$5                DATA
 0002:00000564 00000004H .CRT$XCA                DATA
 0002:00000568 00000004H .CRT$XCAA               DATA
 0002:0000056c 00000004H .CRT$XCL                DATA
 0002:00000570 0000000cH .CRT$XCU                DATA
 0002:0000057c 00000004H .CRT$XCZ                DATA
 0002:00000580 00000004H .CRT$XIA                DATA
 0002:00000584 00000004H .CRT$XIAA               DATA
 0002:00000588 00000004H .CRT$XIY                DATA
 0002:0000058c 00000004H .CRT$XIZ                DATA
 0002:00000590 00001c40H .rdata                  DATA
 0002:000021d0 00000052H .rdata$debug            DATA
 0002:00002224 000002fcH .rdata$r                DATA
 0002:00002520 00000044H .rdata$sxdata           DATA
 0002:00002564 00000004H .rtc$IAA                DATA
 0002:00002568 00000010H .rtc$IMZ                DATA
 0002:00002578 00000004H .rtc$IZZ                DATA
 0002:0000257c 00000004H .rtc$TAA                DATA
 0002:00002580 00000010H .rtc$TMZ                DATA
 0002:00002590 00000004H .rtc$TZZ                DATA
 0002:00002598 000005e4H .xdata$x                DATA
 0002:00002b7c 00000004H ATL$__a                 DATA
 0002:00002b80 00000004H ATL$__z                 DATA
 0002:00002b84 000000a0H .idata$2                DATA
 0002:00002c24 00000014H .idata$3                DATA
 0002:00002c38 00000564H .idata$4                DATA
 0002:0000319c 000006d0H .idata$6                DATA
 0002:0000386c 00000000H .edata                  DATA
 0003:00000000 0000015cH .data                   DATA
 0003:00000160 0000048cH .bss                    DATA
 0004:00000000 000003e8H .rsrc$01                DATA
 0004:000003f0 00011140H .rsrc$02                DATA

  Address         Publics by Value              Rva+Base       Lib:Object

 0000:00000011       ___safe_se_handler_count   00000011     <absolute>
 0000:00000000       ___ImageBase               00400000     <linker-defined>
 0001:00000000       ?GetMessageMap@Cmcf6App@@MBEPBUAFX_MSGMAP@@XZ 00401000 f   mcf6.obj
 0001:00000040       ?GetThisMessageMap@Cmcf6App@@KGPBUAFX_MSGMAP@@XZ 00401040 f   mcf6.obj
 0001:00000070       ??0Cmcf6App@@QAE@XZ        00401070 f   mcf6.obj
 0001:000000c0       ??_GCmcf6App@@UAEPAXI@Z    004010c0 f i mcf6.obj
 0001:000000c0       ??_ECmcf6App@@UAEPAXI@Z    004010c0 f i mcf6.obj
 0001:00000120       ??1Cmcf6App@@UAE@XZ        00401120 f i mcf6.obj
 0001:00000160       ?InitInstance@Cmcf6App@@UAEHXZ 00401160 f   mcf6.obj
 0001:000002b0       ??1Cmcf6Dlg@@UAE@XZ        004012b0 f i mcf6.obj
 0001:000004d0       ??1CBitmapButton@@UAE@XZ   004014d0 f i mcf6.obj
 0001:00000590       ?SupportsRestartManager@CWinApp@@UBEHXZ 00401590 f i mcf6.obj
 0001:000005d0       ?SupportsApplicationRecovery@CWinApp@@UBEHXZ 004015d0 f i mcf6.obj
 0001:00000610       ?SupportsAutosaveAtRestart@CWinApp@@UBEHXZ 00401610 f i mcf6.obj
 0001:00000650       ?SupportsAutosaveAtInterval@CWinApp@@UBEHXZ 00401650 f i mcf6.obj
 0001:00000690       ?ReopenPreviousFilesAtRestart@CWinApp@@UBEHXZ 00401690 f i mcf6.obj
 0001:000006d0       ?RestoreAutosavedFilesAtRestart@CWinApp@@UBEHXZ 004016d0 f i mcf6.obj
 0001:00000710       ?GetApplicationRestartFlags@CWinApp@@UAEKXZ 00401710 f i mcf6.obj
 0001:00000740       ?GetApplicationRecoveryParameter@CWinApp@@UAEPAXXZ 00401740 f i mcf6.obj
 0001:00000770       ?GetApplicationRecoveryPingInterval@CWinApp@@UAEKXZ 00401770 f i mcf6.obj
 0001:000007a0       ??0CAboutDlg@@QAE@XZ       004017a0 f   mcf6Dlg.obj
 0001:000007f0       ??_ECAboutDlg@@UAEPAXI@Z   004017f0 f i mcf6Dlg.obj
 0001:000007f0       ??_GCAboutDlg@@UAEPAXI@Z   004017f0 f i mcf6Dlg.obj
 0001:00000850       ??1CAboutDlg@@UAE@XZ       00401850 f i mcf6Dlg.obj
 0001:00000890       ?DoDataExchange@CAboutDlg@@MAEXPAVCDataExchange@@@Z 00401890 f   mcf6Dlg.obj
 0001:000008e0       ?GetMessageMap@CAboutDlg@@MBEPBUAFX_MSGMAP@@XZ 004018e0 f   mcf6Dlg.obj
 0001:00000920       ?GetThisMessageMap@CAboutDlg@@KGPBUAFX_MSGMAP@@XZ 00401920 f   mcf6Dlg.obj
 0001:00000950       ??0Cmcf6Dlg@@QAE@PAVCWnd@@@Z 00401950 f   mcf6Dlg.obj
 0001:00000ba0       ??_ECmcf6Dlg@@UAEPAXI@Z    00401ba0 f i mcf6Dlg.obj
 0001:00000ba0       ??_GCmcf6Dlg@@UAEPAXI@Z    00401ba0 f i mcf6Dlg.obj
 0001:00000c00       ?DoDataExchange@Cmcf6Dlg@@MAEXPAVCDataExchange@@@Z 00401c00 f   mcf6Dlg.obj
 0001:00000e00       ?GetMessageMap@Cmcf6Dlg@@MBEPBUAFX_MSGMAP@@XZ 00401e00 f   mcf6Dlg.obj
 0001:00000e40       ?GetThisMessageMap@Cmcf6Dlg@@KGPBUAFX_MSGMAP@@XZ 00401e40 f   mcf6Dlg.obj
 0001:00000e70       ?OnInitDialog@Cmcf6Dlg@@MAEHXZ 00401e70 f   mcf6Dlg.obj
 0001:00001290       ?OnSysCommand@Cmcf6Dlg@@IAEXIJ@Z 00402290 f   mcf6Dlg.obj
 0001:00001380       ?OnPaint@Cmcf6Dlg@@IAEXXZ  00402380 f   mcf6Dlg.obj
 0001:00001520       ?OnQueryDragIcon@Cmcf6Dlg@@IAEPAUHICON__@@XZ 00402520 f   mcf6Dlg.obj
 0001:00001560       ?OnBnClickedButton1@Cmcf6Dlg@@QAEXXZ 00402560 f   mcf6Dlg.obj
 0001:00001680       ?OnBnClickedButton2@Cmcf6Dlg@@QAEXXZ 00402680 f   mcf6Dlg.obj
 0001:00001740       ?OnLvnItemchangedList1@Cmcf6Dlg@@QAEXPAUtagNMHDR@@PAJ@Z 00402740 f   mcf6Dlg.obj
 0001:000017d0       ?OnBnClickedButton5@Cmcf6Dlg@@QAEXXZ 004027d0 f   mcf6Dlg.obj
 0001:00001810       ?OnBnClickedButton4@Cmcf6Dlg@@QAEXXZ 00402810 f   mcf6Dlg.obj
 0001:000019b0       ?OnNMCustomdrawList1@Cmcf6Dlg@@QAEXPAUtagNMHDR@@PAJ@Z 004029b0 f   mcf6Dlg.obj
 0001:00001ba0       ?lixsniff_initCap@Cmcf6Dlg@@QAEHXZ 00402ba0 f   mcf6Dlg.obj
 0001:00001c60       ?lixsniff_startCap@Cmcf6Dlg@@QAEHXZ 00402c60 f   mcf6Dlg.obj
 0001:00002500       ?lixsinff_CapThread@@YGKPAX@Z 00403500 f   mcf6Dlg.obj
 0001:00003120       ?lixsniff_updateEdit@Cmcf6Dlg@@QAEHH@Z 00404120 f   mcf6Dlg.obj
 0001:00003280       ?lixsniff_updateNPacket@Cmcf6Dlg@@QAEHXZ 00404280 f   mcf6Dlg.obj
 0001:00003610       ?lixsniff_updateTree@Cmcf6Dlg@@QAEHH@Z 00404610 f   mcf6Dlg.obj
 0001:000059f0       ?lixsniff_saveFile@Cmcf6Dlg@@QAEHXZ 004069f0 f   mcf6Dlg.obj
 0001:00005ca0       ?lixsniff_readFile@Cmcf6Dlg@@QAEHV?$CStringT@_WV?$StrTraitMFC_DLL@_WV?$ChTraitsCRT@_W@ATL@@@@@ATL@@@Z 00406ca0 f   mcf6Dlg.obj
 0001:00006ac0       ??HATL@@YA?AV?$CStringT@_WV?$StrTraitMFC_DLL@_WV?$ChTraitsCRT@_W@ATL@@@@@0@PB_WABV10@@Z 00407ac0 f i mcf6Dlg.obj
 0001:00006c20       ?_AfxInitManaged@@YAHXZ    00407c20 f i stdafx.obj
 0001:00006c50       ??0Thank_you@Define_the_symbol__ATL_MIXED@@QAE@XZ 00407c50 f i stdafx.obj
 0001:00006c90       ?one@Thank_you@Define_the_symbol__ATL_MIXED@@UAEXXZ 00407c90 f i stdafx.obj
 0001:00006cc0       ?analyze_frame@@YAHPBEPAUdatapkt@@PAUpktcount@@@Z 00407cc0 f   utilities.obj
 0001:00006e40       ?analyze_arp@@YAHPBEPAUdatapkt@@PAUpktcount@@@Z 00407e40 f   utilities.obj
 0001:00006fc0       ?analyze_ip@@YAHPBEPAUdatapkt@@PAUpktcount@@@Z 00407fc0 f   utilities.obj
 0001:000071c0       ?analyze_ip6@@YAHPBEPAUdatapkt@@PAUpktcount@@@Z 004081c0 f   utilities.obj
 0001:000073c0       ?analyze_icmp@@YAHPBEPAUdatapkt@@PAUpktcount@@@Z 004083c0 f   utilities.obj
 0001:00007480       ?analyze_icmp6@@YAHPBEPAUdatapkt@@PAUpktcount@@@Z 00408480 f   utilities.obj
 0001:00007590       ?analyze_tcp@@YAHPBEPAUdatapkt@@PAUpktcount@@@Z 00408590 f   utilities.obj
 0001:00007910       ?analyze_udp@@YAHPBEPAUdatapkt@@PAUpktcount@@@Z 00408910 f   utilities.obj
 0001:00007a10       ?print_packet_hex@@YAXPBEHPAV?$CStringT@_WV?$StrTraitMFC_DLL@_WV?$ChTraitsCRT@_W@ATL@@@@@ATL@@@Z 00408a10 f   utilities.obj
 0001:00007c38       _pcap_findalldevs          00408c38 f   wpcap:wpcap.dll
 0001:00007c3e       _pcap_dump_open            00408c3e f   wpcap:wpcap.dll
 0001:00007c44       _pcap_setfilter            00408c44 f   wpcap:wpcap.dll
 0001:00007c4a       _pcap_compile              00408c4a f   wpcap:wpcap.dll
 0001:00007c50       _pcap_datalink             00408c50 f   wpcap:wpcap.dll
 0001:00007c56       _pcap_freealldevs          00408c56 f   wpcap:wpcap.dll
 0001:00007c5c       _pcap_open_live            00408c5c f   wpcap:wpcap.dll
 0001:00007c62       _pcap_dump                 00408c62 f   wpcap:wpcap.dll
 0001:00007c68       _pcap_next_ex              00408c68 f   wpcap:wpcap.dll
 0001:00007c6e       _pcap_close                00408c6e f   wpcap:wpcap.dll
 0001:00007c74       _pcap_open_offline         00408c74 f   wpcap:wpcap.dll
 0001:00007c7a       _inet_ntoa@4               00408c7a f   ws2_32:WS2_32.dll
 0001:00007c80       _ntohs@4                   00408c80 f   ws2_32:WS2_32.dll
 0001:00007c86       ??3@YAXPAX@Z               00408c86 f   mfc100ud:mfc100ud.dll
 0001:00007c8c       ?GetThisMessageMap@CWinApp@@KGPBUAFX_MSGMAP@@XZ 00408c8c f   mfc100ud:mfc100ud.dll
 0001:00007c92       ?OnHelp@CWinApp@@IAEXXZ    00408c92 f   mfc100ud:mfc100ud.dll
 0001:00007c98       ??0CWinApp@@QAE@PB_W@Z     00408c98 f   mfc100ud:mfc100ud.dll
 0001:00007c9e       ?GetRuntimeClass@CWinApp@@UBEPAUCRuntimeClass@@XZ 00408c9e f   mfc100ud:mfc100ud.dll
 0001:00007ca4       ?Serialize@CObject@@UAEXAAVCArchive@@@Z 00408ca4 f   mfc100ud:mfc100ud.dll
 0001:00007caa       ?AssertValid@CWinApp@@UBEXXZ 00408caa f   mfc100ud:mfc100ud.dll
 0001:00007cb0       ?Dump@CWinApp@@UBEXAAVCDumpContext@@@Z 00408cb0 f   mfc100ud:mfc100ud.dll
 0001:00007cb6       ?OnCmdMsg@CCmdTarget@@UAEHIHPAXPAUAFX_CMDHANDLERINFO@@@Z 00408cb6 f   mfc100ud:mfc100ud.dll
 0001:00007cbc       ?OnFinalRelease@CCmdTarget@@UAEXXZ 00408cbc f   mfc100ud:mfc100ud.dll
 0001:00007cc2       ?IsInvokeAllowed@CCmdTarget@@UAEHJ@Z 00408cc2 f   mfc100ud:mfc100ud.dll
 0001:00007cc8       ?GetDispatchIID@CCmdTarget@@UAEHPAU_GUID@@@Z 00408cc8 f   mfc100ud:mfc100ud.dll
 0001:00007cce       ?GetTypeInfoCount@CCmdTarget@@UAEIXZ 00408cce f   mfc100ud:mfc100ud.dll
 0001:00007cd4       ?GetTypeLibCache@CCmdTarget@@UAEPAVCTypeLibCache@@XZ 00408cd4 f   mfc100ud:mfc100ud.dll
 0001:00007cda       ?GetTypeLib@CCmdTarget@@UAEJKPAPAUITypeLib@@@Z 00408cda f   mfc100ud:mfc100ud.dll
 0001:00007ce0       ?GetCommandMap@CCmdTarget@@MBEPBUAFX_OLECMDMAP@@XZ 00408ce0 f   mfc100ud:mfc100ud.dll
 0001:00007ce6       ?GetDispatchMap@CCmdTarget@@MBEPBUAFX_DISPMAP@@XZ 00408ce6 f   mfc100ud:mfc100ud.dll
 0001:00007cec       ?GetConnectionMap@CCmdTarget@@MBEPBUAFX_CONNECTIONMAP@@XZ 00408cec f   mfc100ud:mfc100ud.dll
 0001:00007cf2       ?GetInterfaceMap@CCmdTarget@@MBEPBUAFX_INTERFACEMAP@@XZ 00408cf2 f   mfc100ud:mfc100ud.dll
 0001:00007cf8       ?GetEventSinkMap@CCmdTarget@@MBEPBUAFX_EVENTSINKMAP@@XZ 00408cf8 f   mfc100ud:mfc100ud.dll
 0001:00007cfe       ?OnCreateAggregates@CCmdTarget@@UAEHXZ 00408cfe f   mfc100ud:mfc100ud.dll
 0001:00007d04       ?GetInterfaceHook@CCmdTarget@@UAEPAUIUnknown@@PBX@Z 00408d04 f   mfc100ud:mfc100ud.dll
 0001:00007d0a       ?GetExtraConnectionPoints@CCmdTarget@@MAEHPAVCPtrArray@@@Z 00408d0a f   mfc100ud:mfc100ud.dll
 0001:00007d10       ?GetConnectionHook@CCmdTarget@@MAEPAUIConnectionPoint@@ABU_GUID@@@Z 00408d10 f   mfc100ud:mfc100ud.dll
 0001:00007d16       ?Run@CWinApp@@UAEHXZ       00408d16 f   mfc100ud:mfc100ud.dll
 0001:00007d1c       ?PreTranslateMessage@CWinThread@@UAEHPAUtagMSG@@@Z 00408d1c f   mfc100ud:mfc100ud.dll
 0001:00007d22       ?PumpMessage@CWinThread@@UAEHXZ 00408d22 f   mfc100ud:mfc100ud.dll
 0001:00007d28       ?OnIdle@CWinApp@@UAEHJ@Z   00408d28 f   mfc100ud:mfc100ud.dll
 0001:00007d2e       ?IsIdleMessage@CWinThread@@UAEHPAUtagMSG@@@Z 00408d2e f   mfc100ud:mfc100ud.dll
 0001:00007d34       ?ExitInstance@CWinApp@@UAEHXZ 00408d34 f   mfc100ud:mfc100ud.dll
 0001:00007d3a       ?ProcessWndProcException@CWinApp@@UAEJPAVCException@@PBUtagMSG@@@Z 00408d3a f   mfc100ud:mfc100ud.dll
 0001:00007d40       ?ProcessMessageFilter@CWinThread@@UAEHHPAUtagMSG@@@Z 00408d40 f   mfc100ud:mfc100ud.dll
 0001:00007d46       ?GetMainWnd@CWinThread@@UAEPAVCWnd@@XZ 00408d46 f   mfc100ud:mfc100ud.dll
 0001:00007d4c       ?Delete@CWinThread@@UAEXXZ 00408d4c f   mfc100ud:mfc100ud.dll
 0001:00007d52       ?GetProfileIntW@CWinApp@@UAEIPB_W0H@Z 00408d52 f   mfc100ud:mfc100ud.dll
 0001:00007d58       ?WriteProfileInt@CWinApp@@UAEHPB_W0H@Z 00408d58 f   mfc100ud:mfc100ud.dll
 0001:00007d5e       ?GetProfileStringW@CWinApp@@UAE?AV?$CStringT@_WV?$StrTraitMFC_DLL@_WV?$ChTraitsCRT@_W@ATL@@@@@ATL@@PB_W00@Z 00408d5e f   mfc100ud:mfc100ud.dll
 0001:00007d64       ?WriteProfileStringW@CWinApp@@UAEHPB_W00@Z 00408d64 f   mfc100ud:mfc100ud.dll
 0001:00007d6a       ?GetProfileBinary@CWinApp@@UAEHPB_W0PAPAEPAI@Z 00408d6a f   mfc100ud:mfc100ud.dll
 0001:00007d70       ?WriteProfileBinary@CWinApp@@UAEHPB_W0PAEI@Z 00408d70 f   mfc100ud:mfc100ud.dll
 0001:00007d76       ?InitLibId@CWinApp@@UAEXXZ 00408d76 f   mfc100ud:mfc100ud.dll
 0001:00007d7c       ?Register@CWinApp@@UAEHXZ  00408d7c f   mfc100ud:mfc100ud.dll
 0001:00007d82       ?Unregister@CWinApp@@UAEHXZ 00408d82 f   mfc100ud:mfc100ud.dll
 0001:00007d88       ?OpenDocumentFile@CWinApp@@UAEPAVCDocument@@PB_WH@Z 00408d88 f   mfc100ud:mfc100ud.dll
 0001:00007d8e       ?OpenDocumentFile@CWinApp@@UAEPAVCDocument@@PB_W@Z 00408d8e f   mfc100ud:mfc100ud.dll
 0001:00007d94       ?AddToRecentFileList@CWinApp@@UAEXPB_W@Z 00408d94 f   mfc100ud:mfc100ud.dll
 0001:00007d9a       ?InitApplication@CWinApp@@UAEHXZ 00408d9a f   mfc100ud:mfc100ud.dll
 0001:00007da0       ?SaveAllModified@CWinApp@@UAEHXZ 00408da0 f   mfc100ud:mfc100ud.dll
 0001:00007da6       ?DoMessageBox@CWinApp@@UAEHPB_WII@Z 00408da6 f   mfc100ud:mfc100ud.dll
 0001:00007dac       ?DoWaitCursor@CWinApp@@UAEXH@Z 00408dac f   mfc100ud:mfc100ud.dll
 0001:00007db2       ?OnDDECommand@CWinApp@@UAEHPA_W@Z 00408db2 f   mfc100ud:mfc100ud.dll
 0001:00007db8       ?WinHelpW@CWinApp@@UAEXKI@Z 00408db8 f   mfc100ud:mfc100ud.dll
 0001:00007dbe       ?HtmlHelpW@CWinApp@@UAEXKI@Z 00408dbe f   mfc100ud:mfc100ud.dll
 0001:00007dc4       ?WinHelpInternal@CWinApp@@UAEXKI@Z 00408dc4 f   mfc100ud:mfc100ud.dll
 0001:00007dca       ?RegisterWithRestartManager@CWinApp@@UAEJPB_WKP6GKPAX@Z1KK@Z 00408dca f   mfc100ud:mfc100ud.dll
 0001:00007dd0       ?RegisterWithRestartManager@CWinApp@@UAEJHABV?$CStringT@_WV?$StrTraitMFC_DLL@_WV?$ChTraitsCRT@_W@ATL@@@@@ATL@@@Z 00408dd0 f   mfc100ud:mfc100ud.dll
 0001:00007dd6       ?ApplicationRecoveryCallback@CWinApp@@UAEKPAX@Z 00408dd6 f   mfc100ud:mfc100ud.dll
 0001:00007ddc       ?GetDataRecoveryHandler@CWinApp@@UAEPAVCDataRecoveryHandler@@XZ 00408ddc f   mfc100ud:mfc100ud.dll
 0001:00007de2       ?IsTaskbarInteractionEnabled@CWinApp@@UAEHXZ 00408de2 f   mfc100ud:mfc100ud.dll
 0001:00007de8       ?RestartInstance@CWinApp@@UAEHXZ 00408de8 f   mfc100ud:mfc100ud.dll
 0001:00007dee       ?LoadAppLangResourceDLL@CWinApp@@UAEPAUHINSTANCE__@@XZ 00408dee f   mfc100ud:mfc100ud.dll
 0001:00007df4       ?LoadSysPolicies@CWinApp@@UAEHXZ 00408df4 f   mfc100ud:mfc100ud.dll
 0001:00007dfa       ??3CObject@@SGXPAX@Z       00408dfa f   mfc100ud:mfc100ud.dll
 0001:00007e00       ??1CWinApp@@UAE@XZ         00408e00 f   mfc100ud:mfc100ud.dll
 0001:00007e06       ?DoModal@CDialog@@UAEHXZ   00408e06 f   mfc100ud:mfc100ud.dll
 0001:00007e0c       ?SetRegistryKey@CWinApp@@IAEXPB_W@Z 00408e0c f   mfc100ud:mfc100ud.dll
 0001:00007e12       ?AfxEnableControlContainer@@YAXPAVCOccManager@@@Z 00408e12 f   mfc100ud:mfc100ud.dll
 0001:00007e18       ?InitInstance@CWinApp@@UAEHXZ 00408e18 f   mfc100ud:mfc100ud.dll
 0001:00007e1e       ??1CDialog@@UAE@XZ         00408e1e f   mfc100ud:mfc100ud.dll
 0001:00007e24       ??1CListCtrl@@UAE@XZ       00408e24 f   mfc100ud:mfc100ud.dll
 0001:00007e2a       ??1CComboBox@@UAE@XZ       00408e2a f   mfc100ud:mfc100ud.dll
 0001:00007e30       ??1CTreeCtrl@@UAE@XZ       00408e30 f   mfc100ud:mfc100ud.dll
 0001:00007e36       ??1CPtrList@@UAE@XZ        00408e36 f   mfc100ud:mfc100ud.dll
 0001:00007e3c       ??1CButton@@UAE@XZ         00408e3c f   mfc100ud:mfc100ud.dll
 0001:00007e42       ??1CEdit@@UAE@XZ           00408e42 f   mfc100ud:mfc100ud.dll
 0001:00007e48       ??1CBitmap@@UAE@XZ         00408e48 f   mfc100ud:mfc100ud.dll
 0001:00007e4e       ?GetThisMessageMap@CDialog@@KGPBUAFX_MSGMAP@@XZ 00408e4e f   mfc100ud:mfc100ud.dll
 0001:00007e54       ??0CDialog@@QAE@IPAVCWnd@@@Z 00408e54 f   mfc100ud:mfc100ud.dll
 0001:00007e5a       ?GetRuntimeClass@CDialog@@UBEPAUCRuntimeClass@@XZ 00408e5a f   mfc100ud:mfc100ud.dll
 0001:00007e60       ?AssertValid@CDialog@@UBEXXZ 00408e60 f   mfc100ud:mfc100ud.dll
 0001:00007e66       ?Dump@CDialog@@UBEXAAVCDumpContext@@@Z 00408e66 f   mfc100ud:mfc100ud.dll
 0001:00007e6c       ?OnCmdMsg@CDialog@@UAEHIHPAXPAUAFX_CMDHANDLERINFO@@@Z 00408e6c f   mfc100ud:mfc100ud.dll
 0001:00007e72       ?OnFinalRelease@CWnd@@UAEXXZ 00408e72 f   mfc100ud:mfc100ud.dll
 0001:00007e78       ?GetInterfaceMap@CWnd@@MBEPBUAFX_INTERFACEMAP@@XZ 00408e78 f   mfc100ud:mfc100ud.dll
 0001:00007e7e       ?PreSubclassWindow@CWnd@@UAEXXZ 00408e7e f   mfc100ud:mfc100ud.dll
 0001:00007e84       ?Create@CWnd@@UAEHPB_W0KABUtagRECT@@PAV1@IPAUCCreateContext@@@Z 00408e84 f   mfc100ud:mfc100ud.dll
 0001:00007e8a       ?CreateEx@CWnd@@UAEHKPB_W0KABUtagRECT@@PAV1@IPAX@Z 00408e8a f   mfc100ud:mfc100ud.dll
 0001:00007e90       ?CreateEx@CWnd@@UAEHKPB_W0KHHHHPAUHWND__@@PAUHMENU__@@PAX@Z 00408e90 f   mfc100ud:mfc100ud.dll
 0001:00007e96       ?DestroyWindow@CWnd@@UAEHXZ 00408e96 f   mfc100ud:mfc100ud.dll
 0001:00007e9c       ?PreCreateWindow@CWnd@@UAEHAAUtagCREATESTRUCTW@@@Z 00408e9c f   mfc100ud:mfc100ud.dll
 0001:00007ea2       ?CalcWindowRect@CWnd@@UAEXPAUtagRECT@@I@Z 00408ea2 f   mfc100ud:mfc100ud.dll
 0001:00007ea8       ?GetMenu@CWnd@@UBEPAVCMenu@@XZ 00408ea8 f   mfc100ud:mfc100ud.dll
 0001:00007eae       ?SetMenu@CWnd@@UAEHPAVCMenu@@@Z 00408eae f   mfc100ud:mfc100ud.dll
 0001:00007eb4       ?OnToolHitTest@CWnd@@UBEHVCPoint@@PAUtagTOOLINFOW@@@Z 00408eb4 f   mfc100ud:mfc100ud.dll
 0001:00007eba       ?GetScrollBarCtrl@CWnd@@UBEPAVCScrollBar@@H@Z 00408eba f   mfc100ud:mfc100ud.dll
 0001:00007ec0       ?WinHelpW@CWnd@@UAEXKI@Z   00408ec0 f   mfc100ud:mfc100ud.dll
 0001:00007ec6       ?HtmlHelpW@CWnd@@UAEXKI@Z  00408ec6 f   mfc100ud:mfc100ud.dll
 0001:00007ecc       ?WinHelpInternal@CWnd@@UAEXKI@Z 00408ecc f   mfc100ud:mfc100ud.dll
 0001:00007ed2       ?ContinueModal@CWnd@@UAEHXZ 00408ed2 f   mfc100ud:mfc100ud.dll
 0001:00007ed8       ?EndModalLoop@CWnd@@UAEXH@Z 00408ed8 f   mfc100ud:mfc100ud.dll
 0001:00007ede       ?OnDrawIconicThumbnailOrLivePreview@CWnd@@UAEXAAVCDC@@VCRect@@VCSize@@HAAH@Z 00408ede f   mfc100ud:mfc100ud.dll
 0001:00007ee4       ?EnsureStdObj@CWnd@@UAEJXZ 00408ee4 f   mfc100ud:mfc100ud.dll
 0001:00007eea       ?get_accParent@CWnd@@UAEJPAPAUIDispatch@@@Z 00408eea f   mfc100ud:mfc100ud.dll
 0001:00007ef0       ?get_accChildCount@CWnd@@UAEJPAJ@Z 00408ef0 f   mfc100ud:mfc100ud.dll
 0001:00007ef6       ?get_accChild@CWnd@@UAEJUtagVARIANT@@PAPAUIDispatch@@@Z 00408ef6 f   mfc100ud:mfc100ud.dll
 0001:00007efc       ?get_accName@CWnd@@UAEJUtagVARIANT@@PAPA_W@Z 00408efc f   mfc100ud:mfc100ud.dll
 0001:00007f02       ?get_accValue@CWnd@@UAEJUtagVARIANT@@PAPA_W@Z 00408f02 f   mfc100ud:mfc100ud.dll
 0001:00007f08       ?get_accDescription@CWnd@@UAEJUtagVARIANT@@PAPA_W@Z 00408f08 f   mfc100ud:mfc100ud.dll
 0001:00007f0e       ?get_accRole@CWnd@@UAEJUtagVARIANT@@PAU2@@Z 00408f0e f   mfc100ud:mfc100ud.dll
 0001:00007f14       ?get_accState@CWnd@@UAEJUtagVARIANT@@PAU2@@Z 00408f14 f   mfc100ud:mfc100ud.dll
 0001:00007f1a       ?get_accHelp@CWnd@@UAEJUtagVARIANT@@PAPA_W@Z 00408f1a f   mfc100ud:mfc100ud.dll
 0001:00007f20       ?get_accHelpTopic@CWnd@@UAEJPAPA_WUtagVARIANT@@PAJ@Z 00408f20 f   mfc100ud:mfc100ud.dll
 0001:00007f26       ?get_accKeyboardShortcut@CWnd@@UAEJUtagVARIANT@@PAPA_W@Z 00408f26 f   mfc100ud:mfc100ud.dll
 0001:00007f2c       ?get_accFocus@CWnd@@UAEJPAUtagVARIANT@@@Z 00408f2c f   mfc100ud:mfc100ud.dll
 0001:00007f32       ?get_accSelection@CWnd@@UAEJPAUtagVARIANT@@@Z 00408f32 f   mfc100ud:mfc100ud.dll
 0001:00007f38       ?get_accDefaultAction@CWnd@@UAEJUtagVARIANT@@PAPA_W@Z 00408f38 f   mfc100ud:mfc100ud.dll
 0001:00007f3e       ?accSelect@CWnd@@UAEJJUtagVARIANT@@@Z 00408f3e f   mfc100ud:mfc100ud.dll
 0001:00007f44       ?accLocation@CWnd@@UAEJPAJ000UtagVARIANT@@@Z 00408f44 f   mfc100ud:mfc100ud.dll
 0001:00007f4a       ?accNavigate@CWnd@@UAEJJUtagVARIANT@@PAU2@@Z 00408f4a f   mfc100ud:mfc100ud.dll
 0001:00007f50       ?accHitTest@CWnd@@UAEJJJPAUtagVARIANT@@@Z 00408f50 f   mfc100ud:mfc100ud.dll
 0001:00007f56       ?accDoDefaultAction@CWnd@@UAEJUtagVARIANT@@@Z 00408f56 f   mfc100ud:mfc100ud.dll
 0001:00007f5c       ?put_accName@CWnd@@UAEJUtagVARIANT@@PA_W@Z 00408f5c f   mfc100ud:mfc100ud.dll
 0001:00007f62       ?put_accValue@CWnd@@UAEJUtagVARIANT@@PA_W@Z 00408f62 f   mfc100ud:mfc100ud.dll
 0001:00007f68       ?SetProxy@CWnd@@UAEJPAUIAccessibleProxy@@@Z 00408f68 f   mfc100ud:mfc100ud.dll
 0001:00007f6e       ?CreateAccessibleProxy@CWnd@@UAEJIJPAJ@Z 00408f6e f   mfc100ud:mfc100ud.dll
 0001:00007f74       ?OnCommand@CWnd@@MAEHIJ@Z  00408f74 f   mfc100ud:mfc100ud.dll
 0001:00007f7a       ?OnNotify@CWnd@@MAEHIJPAJ@Z 00408f7a f   mfc100ud:mfc100ud.dll
 0001:00007f80       ?GetSuperWndProcAddr@CWnd@@MAEPAP6GJPAUHWND__@@IIJ@ZXZ 00408f80 f   mfc100ud:mfc100ud.dll
 0001:00007f86       ?BeginModalState@CWnd@@UAEXXZ 00408f86 f   mfc100ud:mfc100ud.dll
 0001:00007f8c       ?EndModalState@CWnd@@UAEXXZ 00408f8c f   mfc100ud:mfc100ud.dll
 0001:00007f92       ?PreTranslateMessage@CDialog@@UAEHPAUtagMSG@@@Z 00408f92 f   mfc100ud:mfc100ud.dll
 0001:00007f98       ?OnAmbientProperty@CWnd@@UAEHPAVCOleControlSite@@JPAUtagVARIANT@@@Z 00408f98 f   mfc100ud:mfc100ud.dll
 0001:00007f9e       ?WindowProc@CWnd@@MAEJIIJ@Z 00408f9e f   mfc100ud:mfc100ud.dll
 0001:00007fa4       ?OnWndMsg@CWnd@@MAEHIIJPAJ@Z 00408fa4 f   mfc100ud:mfc100ud.dll
 0001:00007faa       ?DefWindowProcW@CWnd@@MAEJIIJ@Z 00408faa f   mfc100ud:mfc100ud.dll
 0001:00007fb0       ?PostNcDestroy@CWnd@@MAEXXZ 00408fb0 f   mfc100ud:mfc100ud.dll
 0001:00007fb6       ?OnChildNotify@CWnd@@MAEHIIJPAJ@Z 00408fb6 f   mfc100ud:mfc100ud.dll
 0001:00007fbc       ?OnTouchInputs@CWnd@@MAEHIPAUtagTOUCHINPUT@@@Z 00408fbc f   mfc100ud:mfc100ud.dll
 0001:00007fc2       ?OnTouchInput@CWnd@@MAEHVCPoint@@HHPAUtagTOUCHINPUT@@@Z 00408fc2 f   mfc100ud:mfc100ud.dll
 0001:00007fc8       ?GetGestureStatus@CWnd@@MAEKVCPoint@@@Z 00408fc8 f   mfc100ud:mfc100ud.dll
 0001:00007fce       ?OnGestureZoom@CWnd@@MAEHVCPoint@@J@Z 00408fce f   mfc100ud:mfc100ud.dll
 0001:00007fd4       ?OnGesturePan@CWnd@@MAEHVCPoint@@0@Z 00408fd4 f   mfc100ud:mfc100ud.dll
 0001:00007fda       ?OnGestureRotate@CWnd@@MAEHVCPoint@@N@Z 00408fda f   mfc100ud:mfc100ud.dll
 0001:00007fe0       ?OnGestureTwoFingerTap@CWnd@@MAEHVCPoint@@@Z 00408fe0 f   mfc100ud:mfc100ud.dll
 0001:00007fe6       ?OnGesturePressAndTap@CWnd@@MAEHVCPoint@@J@Z 00408fe6 f   mfc100ud:mfc100ud.dll
 0001:00007fec       ?CheckAutoCenter@CDialog@@UAEHXZ 00408fec f   mfc100ud:mfc100ud.dll
 0001:00007ff2       ?IsFrameWnd@CWnd@@UBEHXZ   00408ff2 f   mfc100ud:mfc100ud.dll
 0001:00007ff8       ?CreateControlContainer@CWnd@@MAEHPAPAVCOleControlContainer@@@Z 00408ff8 f   mfc100ud:mfc100ud.dll
 0001:00007ffe       ?CreateControlSite@CWnd@@MAEHPAVCOleControlContainer@@PAPAVCOleControlSite@@IABU_GUID@@@Z 00408ffe f   mfc100ud:mfc100ud.dll
 0001:00008004       ?SetOccDialogInfo@CDialog@@MAEHPAU_AFX_OCC_DIALOG_INFO@@@Z 00409004 f   mfc100ud:mfc100ud.dll
 0001:0000800a       ?GetOccDialogInfo@CDialog@@MAEPAU_AFX_OCC_DIALOG_INFO@@XZ 0040900a f   mfc100ud:mfc100ud.dll
 0001:00008010       ?Create@CDialog@@UAEHIPAVCWnd@@@Z 00409010 f   mfc100ud:mfc100ud.dll
 0001:00008016       ?Create@CDialog@@UAEHPB_WPAVCWnd@@@Z 00409016 f   mfc100ud:mfc100ud.dll
 0001:0000801c       ?CreateIndirect@CDialog@@UAEHPAXPAVCWnd@@@Z 0040901c f   mfc100ud:mfc100ud.dll
 0001:00008022       ?CreateIndirect@CDialog@@UAEHPBUDLGTEMPLATE@@PAVCWnd@@PAX@Z 00409022 f   mfc100ud:mfc100ud.dll
 0001:00008028       ?OnInitDialog@CDialog@@UAEHXZ 00409028 f   mfc100ud:mfc100ud.dll
 0001:0000802e       ?OnSetFont@CDialog@@UAEXPAVCFont@@@Z 0040902e f   mfc100ud:mfc100ud.dll
 0001:00008034       ?OnOK@CDialog@@MAEXXZ      00409034 f   mfc100ud:mfc100ud.dll
 0001:0000803a       ?OnCancel@CDialog@@MAEXXZ  0040903a f   mfc100ud:mfc100ud.dll
 0001:00008040       ?PreInitDialog@CDialog@@MAEXXZ 00409040 f   mfc100ud:mfc100ud.dll
 0001:00008046       ?DoDataExchange@CWnd@@MAEXPAVCDataExchange@@@Z 00409046 f   mfc100ud:mfc100ud.dll
 0001:0000804c       ?LoadIconW@CWinApp@@QBEPAUHICON__@@I@Z 0040904c f   mfc100ud:mfc100ud.dll
 0001:00008052       ?AfxGetApp@@YGPAVCWinApp@@XZ 00409052 f   mfc100ud:mfc100ud.dll
 0001:00008058       ??0CBitmapButton@@QAE@XZ   00409058 f   mfc100ud:mfc100ud.dll
 0001:0000805e       ??0CButton@@QAE@XZ         0040905e f   mfc100ud:mfc100ud.dll
 0001:00008064       ??0CEdit@@QAE@XZ           00409064 f   mfc100ud:mfc100ud.dll
 0001:0000806a       ??0CTreeCtrl@@QAE@XZ       0040906a f   mfc100ud:mfc100ud.dll
 0001:00008070       ??0CComboBox@@QAE@XZ       00409070 f   mfc100ud:mfc100ud.dll
 0001:00008076       ??0CListCtrl@@QAE@XZ       00409076 f   mfc100ud:mfc100ud.dll
 0001:0000807c       ??0CPtrList@@QAE@H@Z       0040907c f   mfc100ud:mfc100ud.dll
 0001:00008082       ?DDX_Control@@YGXPAVCDataExchange@@HAAVCWnd@@@Z 00409082 f   mfc100ud:mfc100ud.dll
 0001:00008088       ?EnableWindow@CWnd@@QAEHH@Z 00409088 f   mfc100ud:mfc100ud.dll
 0001:0000808e       ?SetCurSel@CComboBox@@QAEHH@Z 0040908e f   mfc100ud:mfc100ud.dll
 0001:00008094       ??0?$CStringT@_WV?$StrTraitMFC_DLL@_WV?$ChTraitsCRT@_W@ATL@@@@@ATL@@QAE@PBD@Z 00409094 f   mfc100ud:mfc100ud.dll
 0001:0000809a       ?AddString@CComboBox@@QAEHPB_W@Z 0040909a f   mfc100ud:mfc100ud.dll
 0001:000080a0       ?InsertColumn@CListCtrl@@QAEHHPB_WHHH@Z 004090a0 f   mfc100ud:mfc100ud.dll
 0001:000080a6       ?SetExtendedStyle@CListCtrl@@QAEKK@Z 004090a6 f   mfc100ud:mfc100ud.dll
 0001:000080ac       ?ShowWindow@CWnd@@QAEHH@Z  004090ac f   mfc100ud:mfc100ud.dll
 0001:000080b2       ?SetIcon@CWnd@@QAEPAUHICON__@@PAU2@H@Z 004090b2 f   mfc100ud:mfc100ud.dll
 0001:000080b8       ??1?$CStringT@_WV?$StrTraitMFC_DLL@_WV?$ChTraitsCRT@_W@ATL@@@@@ATL@@QAE@XZ 004090b8 f   mfc100ud:mfc100ud.dll
 0001:000080be       ??B?$CSimpleStringT@_W$00@ATL@@QBEPB_WXZ 004090be f   mfc100ud:mfc100ud.dll
 0001:000080c4       ?AppendMenuW@CMenu@@QAEHIIPB_W@Z 004090c4 f   mfc100ud:mfc100ud.dll
 0001:000080ca       ?IsEmpty@?$CSimpleStringT@_W$00@ATL@@QBE_NXZ 004090ca f   mfc100ud:mfc100ud.dll
 0001:000080d0       ?LoadStringW@?$CStringT@_WV?$StrTraitMFC_DLL@_WV?$ChTraitsCRT@_W@ATL@@@@@ATL@@QAEHI@Z 004090d0 f   mfc100ud:mfc100ud.dll
 0001:000080d6       ??0?$CStringT@_WV?$StrTraitMFC_DLL@_WV?$ChTraitsCRT@_W@ATL@@@@@ATL@@QAE@XZ 004090d6 f   mfc100ud:mfc100ud.dll
 0001:000080dc       ?GetSystemMenu@CWnd@@QBEPAVCMenu@@H@Z 004090dc f   mfc100ud:mfc100ud.dll
 0001:000080e2       ?OnSysCommand@CWnd@@IAEXIJ@Z 004090e2 f   mfc100ud:mfc100ud.dll
 0001:000080e8       ?OnPaint@CDialog@@IAEXXZ   004090e8 f   mfc100ud:mfc100ud.dll
 0001:000080ee       ??1CPaintDC@@UAE@XZ        004090ee f   mfc100ud:mfc100ud.dll
 0001:000080f4       ?DrawIcon@CDC@@QAEHHHPAUHICON__@@@Z 004090f4 f   mfc100ud:mfc100ud.dll
 0001:000080fa       ?GetClientRect@CWnd@@QBEXPAUtagRECT@@@Z 004090fa f   mfc100ud:mfc100ud.dll
 0001:00008100       ?SendMessageW@CWnd@@QBEJIIJ@Z 00409100 f   mfc100ud:mfc100ud.dll
 0001:00008106       ?GetSafeHdc@CDC@@QBEPAUHDC__@@XZ 00409106 f   mfc100ud:mfc100ud.dll
 0001:0000810c       ??0CPaintDC@@QAE@PAVCWnd@@@Z 0040910c f   mfc100ud:mfc100ud.dll
 0001:00008112       ?IsIconic@CWnd@@QBEHXZ     00409112 f   mfc100ud:mfc100ud.dll
 0001:00008118       ?SetWindowTextW@CWnd@@QAEXPB_W@Z 00409118 f   mfc100ud:mfc100ud.dll
 0001:0000811e       ?DeleteAllItems@CTreeCtrl@@QAEHXZ 0040911e f   mfc100ud:mfc100ud.dll
 0001:00008124       ?DeleteAllItems@CListCtrl@@QAEHXZ 00409124 f   mfc100ud:mfc100ud.dll
 0001:0000812a       ?RemoveAll@CPtrList@@QAEXXZ 0040912a f   mfc100ud:mfc100ud.dll
 0001:00008130       ?MessageBoxW@CWnd@@QAEHPB_W0I@Z 00409130 f   mfc100ud:mfc100ud.dll
 0001:00008136       ?IsEmpty@CPtrList@@QBEHXZ  00409136 f   mfc100ud:mfc100ud.dll
 0001:0000813c       ?GetCount@CPtrList@@QBEHXZ 0040913c f   mfc100ud:mfc100ud.dll
 0001:00008142       ?GetHotItem@CListCtrl@@QBEHXZ 00409142 f   mfc100ud:mfc100ud.dll
 0001:00008148       ??1CFileDialog@@UAE@XZ     00409148 f   mfc100ud:mfc100ud.dll
 0001:0000814e       ?GetPathName@CFileDialog@@QBE?AV?$CStringT@_WV?$StrTraitMFC_DLL@_WV?$ChTraitsCRT@_W@ATL@@@@@ATL@@XZ 0040914e f   mfc100ud:mfc100ud.dll
 0001:00008154       ?DoModal@CFileDialog@@UAEHXZ 00409154 f   mfc100ud:mfc100ud.dll
 0001:0000815a       ?GetOFN@CFileDialog@@QAEAAUtagOFNW@@XZ 0040915a f   mfc100ud:mfc100ud.dll
 0001:00008160       ??0CFileDialog@@QAE@HPB_W0K0PAVCWnd@@KH@Z 00409160 f   mfc100ud:mfc100ud.dll
 0001:00008166       ?GetAt@CPtrList@@QAEAAPAXPAU__POSITION@@@Z 00409166 f   mfc100ud:mfc100ud.dll
 0001:0000816c       ?FindIndex@CPtrList@@QBEPAU__POSITION@@H@Z 0040916c f   mfc100ud:mfc100ud.dll
 0001:00008172       ?Format@?$CStringT@_WV?$StrTraitMFC_DLL@_WV?$ChTraitsCRT@_W@ATL@@@@@ATL@@QAAXPB_WZZ 00409172 f   mfc100ud:mfc100ud.dll
 0001:00008178       ??1CFileFind@@UAE@XZ       00409178 f   mfc100ud:mfc100ud.dll
 0001:0000817e       ?FindFile@CFileFind@@UAEHPB_WK@Z 0040917e f   mfc100ud:mfc100ud.dll
 0001:00008184       ??0CFileFind@@QAE@XZ       00409184 f   mfc100ud:mfc100ud.dll
 0001:0000818a       ?GetAt@?$CSimpleStringT@_W$00@ATL@@QBE_WH@Z 0040918a f   mfc100ud:mfc100ud.dll
 0001:00008190       ?GetLength@?$CSimpleStringT@_W$00@ATL@@QBEHXZ 00409190 f   mfc100ud:mfc100ud.dll
 0001:00008196       ?GetLBText@CComboBox@@QBEXHAAV?$CStringT@_WV?$StrTraitMFC_DLL@_WV?$ChTraitsCRT@_W@ATL@@@@@ATL@@@Z 00409196 f   mfc100ud:mfc100ud.dll
 0001:0000819c       ?GetCurSel@CComboBox@@QBEHXZ 0040919c f   mfc100ud:mfc100ud.dll
 0001:000081a2       ?AppendFormat@?$CStringT@_WV?$StrTraitMFC_DLL@_WV?$ChTraitsCRT@_W@ATL@@@@@ATL@@QAAXPB_WZZ 004091a2 f   mfc100ud:mfc100ud.dll
 0001:000081a8       ??4?$CStringT@_WV?$StrTraitMFC_DLL@_WV?$ChTraitsCRT@_W@ATL@@@@@ATL@@QAEAAV01@ABV01@@Z 004091a8 f   mfc100ud:mfc100ud.dll
 0001:000081ae       ?Empty@?$CSimpleStringT@_W$00@ATL@@QAEXXZ 004091ae f   mfc100ud:mfc100ud.dll
 0001:000081b4       ?SetItemText@CListCtrl@@QAEHHHPB_W@Z 004091b4 f   mfc100ud:mfc100ud.dll
 0001:000081ba       ?InsertItem@CListCtrl@@QAEHHPB_W@Z 004091ba f   mfc100ud:mfc100ud.dll
 0001:000081c0       ?AddTail@CPtrList@@QAEPAU__POSITION@@PAX@Z 004091c0 f   mfc100ud:mfc100ud.dll
 0001:000081c6       ?InsertItem@CTreeCtrl@@QAEPAU_TREEITEM@@PB_WPAU2@1@Z 004091c6 f   mfc100ud:mfc100ud.dll
 0001:000081cc       ?GetRootItem@CTreeCtrl@@QBEPAU_TREEITEM@@XZ 004091cc f   mfc100ud:mfc100ud.dll
 0001:000081d2       ??0?$CStringT@_WV?$StrTraitMFC_DLL@_WV?$ChTraitsCRT@_W@ATL@@@@@ATL@@QAE@ABV01@@Z 004091d2 f   mfc100ud:mfc100ud.dll
 0001:000081d8       ?Concatenate@?$CSimpleStringT@_W$00@ATL@@KAXAAV12@PB_WH1H@Z 004091d8 f   mfc100ud:mfc100ud.dll
 0001:000081de       ?StringLength@?$CSimpleStringT@_W$00@ATL@@SAHPB_W@Z 004091de f   mfc100ud:mfc100ud.dll
 0001:000081e4       ??0?$CStringT@_WV?$StrTraitMFC_DLL@_WV?$ChTraitsCRT@_W@ATL@@@@@ATL@@QAE@PAUIAtlStringMgr@1@@Z 004091e4 f   mfc100ud:mfc100ud.dll
 0001:000081ea       ?GetManager@?$CStringT@_WV?$StrTraitMFC_DLL@_WV?$ChTraitsCRT@_W@ATL@@@@@ATL@@QBEPAUIAtlStringMgr@2@XZ 004091ea f   mfc100ud:mfc100ud.dll
 0001:000081f0       ?Append@?$CSimpleStringT@_W$00@ATL@@QAEXPB_W@Z 004091f0 f   mfc100ud:mfc100ud.dll
 0001:00008200       ??_Estringdispid@CComTypeInfoHolder@ATL@@QAEPAXI@Z 00409200 f i mfcs100ud:nolib.obj
 0001:00008270       ??1stringdispid@CComTypeInfoHolder@ATL@@QAE@XZ 00409270 f i mfcs100ud:nolib.obj
 0001:00008290       ??1CComBSTR@ATL@@QAE@XZ    00409290 f i mfcs100ud:nolib.obj
 0001:000083a0       _wWinMainCRTStartup        004093a0 f   msvcrtd:wcrtexew.obj
 0001:000086a0       _NtCurrentTeb              004096a0 f i msvcrtd:wcrtexew.obj
 0001:00008720       __RTC_CheckEsp             00409720 f   msvcrtd:_stack_.obj
 0001:00008750       @_RTC_CheckStackVars@8     00409750 f   msvcrtd:_stack_.obj
 0001:000087c0       @_RTC_AllocaHelper@12      004097c0 f   msvcrtd:_stack_.obj
 0001:00008800       @_RTC_CheckStackVars2@12   00409800 f   msvcrtd:_stack_.obj
 0001:000088e0       __RTC_InitBase             004098e0 f   msvcrtd:_init_.obj
 0001:00008910       __RTC_Shutdown             00409910 f   msvcrtd:_init_.obj
 0001:00008930       ??0type_info@@AAE@ABV0@@Z  00409930 f   msvcrtd:ti_inst.obj
 0001:00008950       ??_Etype_info@@UAEPAXI@Z   00409950 f i msvcrtd:ti_inst.obj
 0001:000089c0       ??4type_info@@AAEAAV0@ABV0@@Z 004099c0 f   msvcrtd:ti_inst.obj
 0001:000089d2       ___CxxFrameHandler3        004099d2 f   msvcrtd:MSVCR100D.dll
 0001:000089e0       @__security_check_cookie@4 004099e0 f   msvcrtd:secchk.obj
 0001:000089f0       __onexit                   004099f0 f   msvcrtd:atonexit.obj
 0001:00008af0       _atexit                    00409af0 f   msvcrtd:atonexit.obj
 0001:00008b0c       _memset                    00409b0c f   msvcrtd:MSVCR100D.dll
 0001:00008b12       _strcmp                    00409b12 f   msvcrtd:MSVCR100D.dll
 0001:00008b18       _strcpy                    00409b18 f   msvcrtd:MSVCR100D.dll
 0001:00008b1e       _strcat                    00409b1e f   msvcrtd:MSVCR100D.dll
 0001:00008b24       _strftime                  00409b24 f   msvcrtd:MSVCR100D.dll
 0001:00008b2a       _malloc                    00409b2a f   msvcrtd:MSVCR100D.dll
 0001:00008b30       __localtime64              00409b30 f   msvcrtd:MSVCR100D.dll
 0001:00008b36       __time64                   00409b36 f   msvcrtd:MSVCR100D.dll
 0001:00008b3c       _memcpy                    00409b3c f   msvcrtd:MSVCR100D.dll
 0001:00008b42       _isprint                   00409b42 f   msvcrtd:MSVCR100D.dll
 0001:00008b48       ??_V@YAXPAX@Z              00409b48 f   msvcrtd:MSVCR100D.dll
 0001:00008b50       ??_M@YGXPAXIHP6EX0@Z@Z     00409b50 f   msvcrtd:ehvecdtr.obj
 0001:00008c10       ?__ArrayUnwind@@YGXPAXIHP6EX0@Z@Z 00409c10 f   msvcrtd:ehvecdtr.obj
 0001:00008cd0       ?__CxxUnhandledExceptionFilter@@YGJPAU_EXCEPTION_POINTERS@@@Z 00409cd0 f   msvcrtd:unhandld.obj
 0001:00008d40       ___CxxSetUnhandledExceptionFilter 00409d40 f   msvcrtd:unhandld.obj
 0001:00008d54       __configthreadlocale       00409d54 f   msvcrtd:MSVCR100D.dll
 0001:00008d60       __setdefaultprecision      00409d60 f   msvcrtd:fp8.obj
 0001:00008da0       __invoke_watson_if_error   00409da0 f i msvcrtd:fp8.obj
 0001:00008dc8       ___setusermatherr          00409dc8 f   msvcrtd:MSVCR100D.dll
 0001:00008dd0       __matherr                  00409dd0 f   msvcrtd:merr.obj
 0001:00008de0       __wsetargv                 00409de0 f   msvcrtd:wdllargv.obj
 0001:00008df0       __RTC_Initialize           00409df0 f   msvcrtd:_initsect_.obj
 0001:00008e20       __RTC_Terminate            00409e20 f   msvcrtd:_initsect_.obj
 0001:00008e46       ___set_app_type            00409e46 f   msvcrtd:MSVCR100D.dll
 0001:00008e4c       __amsg_exit                00409e4c f   msvcrtd:MSVCR100D.dll
 0001:00008e52       ___wgetmainargs            00409e52 f   msvcrtd:MSVCR100D.dll
 0001:00008e60       ___security_init_cookie    00409e60 f   msvcrtd:gs_support.obj
 0001:00008f40       __exit                     00409f40 f   msvcrtd:MSVCR100D.dll
 0001:00008f46       __XcptFilter               00409f46 f   msvcrtd:MSVCR100D.dll
 0001:00008f4c       __cexit                    00409f4c f   msvcrtd:MSVCR100D.dll
 0001:00008f52       _exit                      00409f52 f   msvcrtd:MSVCR100D.dll
 0001:00008f58       __CrtSetCheckCount         00409f58 f   msvcrtd:MSVCR100D.dll
 0001:00008f60       __ValidateImageBase        00409f60 f   msvcrtd:pesect.obj
 0001:00008fc0       __FindPESection            00409fc0 f   msvcrtd:pesect.obj
 0001:00009040       __IsNonwritableInCurrentImage 0040a040 f   msvcrtd:pesect.obj
 0001:00009152       __CrtDbgReportW            0040a152 f   msvcrtd:MSVCR100D.dll
 0001:00009158       __initterm                 0040a158 f   msvcrtd:MSVCR100D.dll
 0001:0000915e       __initterm_e               0040a15e f   msvcrtd:MSVCR100D.dll
 0001:00009170       __except_handler4          0040a170 f   msvcrtd:chandler4gs.obj
 0001:000091a0       ?_RTC_Failure@@YAXPAXH@Z   0040a1a0 f   msvcrtd:_error_.obj
 0001:00009550       ?_RTC_StackFailure@@YAXPAXPBD@Z 0040a550 f   msvcrtd:_error_.obj
 0001:00009650       ?_RTC_AllocaFailure@@YAXPAXPAU_RTC_ALLOCA_NODE@@H@Z 0040a650 f   msvcrtd:_error_.obj
 0001:00009800       __RTC_UninitUse            0040a800 f   msvcrtd:_error_.obj
 0001:000098f0       __RTC_NumErrors            0040a8f0 f   msvcrtd:_userapi_.obj
 0001:00009900       __RTC_GetErrDesc           0040a900 f   msvcrtd:_userapi_.obj
 0001:00009920       __RTC_SetErrorType         0040a920 f   msvcrtd:_userapi_.obj
 0001:00009950       __RTC_SetErrorFunc         0040a950 f   msvcrtd:_userapi_.obj
 0001:00009970       __RTC_SetErrorFuncW        0040a970 f   msvcrtd:_userapi_.obj
 0001:00009990       ?_RTC_GetErrorFunc@@YAP6AHHPBDH00ZZPBX@Z 0040a990 f   msvcrtd:_userapi_.obj
 0001:000099a0       ?_RTC_GetErrorFuncW@@YAP6AHHPB_WH00ZZPBX@Z 0040a9a0 f   msvcrtd:_userapi_.obj
 0001:000099a6       __CRT_RTC_INITW            0040a9a6 f   msvcrtd:MSVCR100D.dll
 0001:000099b0       ___report_gsfailure        0040a9b0 f   msvcrtd:gs_report.obj
 0001:00009abe       __unlock                   0040aabe f   msvcrtd:MSVCR100D.dll
 0001:00009ac4       ___dllonexit               0040aac4 f   msvcrtd:MSVCR100D.dll
 0001:00009aca       __lock                     0040aaca f   msvcrtd:MSVCR100D.dll
 0001:00009ad0       ?terminate@@YAXXZ          0040aad0 f   msvcrtd:MSVCR100D.dll
 0001:00009ad6       __controlfp_s              0040aad6 f   msvcrtd:MSVCR100D.dll
 0001:00009adc       __invoke_watson            0040aadc f   msvcrtd:MSVCR100D.dll
 0001:00009ae2       __except_handler4_common   0040aae2 f   msvcrtd:MSVCR100D.dll
 0001:00009af0       ?_RTC_GetSrcLine@@YAHPAEPA_WKPAH1K@Z 0040aaf0 f   msvcrtd:_pdblkup_.obj
 0001:00009f9c       ??1type_info@@UAE@XZ       0040af9c f   msvcrtd:MSVCR100D.dll
 0001:00009f9c       ?_type_info_dtor_internal_method@type_info@@QAEXXZ 0040af9c f   msvcrtd:MSVCR100D.dll
 0001:00009fa2       __crt_debugger_hook        0040afa2 f   msvcrtd:MSVCR100D.dll
 0001:00009fa8       _TerminateThread@8         0040afa8 f   kernel32:KERNEL32.dll
 0001:00009fae       _GetLastError@0            0040afae f   kernel32:KERNEL32.dll
 0001:00009fb4       _CreateThread@24           0040afb4 f   kernel32:KERNEL32.dll
 0001:00009fba       _CreateDirectoryW@8        0040afba f   kernel32:KERNEL32.dll
 0001:00009fc0       _CopyFileW@12              0040afc0 f   kernel32:KERNEL32.dll
 0001:00009fc6       _EncodePointer@4           0040afc6 f   kernel32:KERNEL32.dll
 0001:00009fcc       _InterlockedExchange@8     0040afcc f   kernel32:KERNEL32.dll
 0001:00009fd2       _Sleep@4                   0040afd2 f   kernel32:KERNEL32.dll
 0001:00009fd8       _InterlockedCompareExchange@12 0040afd8 f   kernel32:KERNEL32.dll
 0001:00009fde       _HeapSetInformation@16     0040afde f   kernel32:KERNEL32.dll
 0001:00009fe4       _GetStartupInfoW@4         0040afe4 f   kernel32:KERNEL32.dll
 0001:00009fea       _DecodePointer@4           0040afea f   kernel32:KERNEL32.dll
 0001:00009ff0       _SetUnhandledExceptionFilter@4 0040aff0 f   kernel32:KERNEL32.dll
 0001:00009ff6       _QueryPerformanceCounter@4 0040aff6 f   kernel32:KERNEL32.dll
 0001:00009ffe       _GetTickCount@0            0040affe f   kernel32:KERNEL32.dll
 0001:0000a004       _GetCurrentThreadId@0      0040b004 f   kernel32:KERNEL32.dll
 0001:0000a00a       _GetCurrentProcessId@0     0040b00a f   kernel32:KERNEL32.dll
 0001:0000a010       _GetSystemTimeAsFileTime@4 0040b010 f   kernel32:KERNEL32.dll
 0001:0000a016       _WideCharToMultiByte@32    0040b016 f   kernel32:KERNEL32.dll
 0001:0000a01c       _IsDebuggerPresent@0       0040b01c f   kernel32:KERNEL32.dll
 0001:0000a022       _MultiByteToWideChar@24    0040b022 f   kernel32:KERNEL32.dll
 0001:0000a028       _RaiseException@16         0040b028 f   kernel32:KERNEL32.dll
 0001:0000a02e       _lstrlenA@4                0040b02e f   kernel32:KERNEL32.dll
 0001:0000a034       _GetProcAddress@8          0040b034 f   kernel32:KERNEL32.dll
 0001:0000a03a       _LoadLibraryW@4            0040b03a f   kernel32:KERNEL32.dll
 0001:0000a040       _TerminateProcess@8        0040b040 f   kernel32:KERNEL32.dll
 0001:0000a046       _GetCurrentProcess@0       0040b046 f   kernel32:KERNEL32.dll
 0001:0000a04c       _UnhandledExceptionFilter@4 0040b04c f   kernel32:KERNEL32.dll
 0001:0000a052       _HeapFree@12               0040b052 f   kernel32:KERNEL32.dll
 0001:0000a058       _HeapAlloc@12              0040b058 f   kernel32:KERNEL32.dll
 0001:0000a05e       _GetProcessHeap@0          0040b05e f   kernel32:KERNEL32.dll
 0001:0000a064       _GetModuleFileNameW@12     0040b064 f   kernel32:KERNEL32.dll
 0001:0000a06a       _VirtualQuery@12           0040b06a f   kernel32:KERNEL32.dll
 0001:0000a070       _FreeLibrary@4             0040b070 f   kernel32:KERNEL32.dll
 0001:0000a076       _GetSystemMetrics@4        0040b076 f   user32:USER32.dll
 0001:0000a07c       _MessageBoxW@16            0040b07c f   user32:USER32.dll
 0001:0000a082       _InitCommonControlsEx@4    0040b082 f   comctl32:COMCTL32.dll
 0001:0000a090       ??0CSize@@QAE@XZ           0040b090 f   atlsd:atltypes.obj
 0001:0000a0c0       ??0CSize@@QAE@HH@Z         0040b0c0 f   atlsd:atltypes.obj
 0001:0000a0f0       ??0CSize@@QAE@UtagSIZE@@@Z 0040b0f0 f   atlsd:atltypes.obj
 0001:0000a110       ??0CSize@@QAE@UtagPOINT@@@Z 0040b110 f   atlsd:atltypes.obj
 0001:0000a130       ??0CSize@@QAE@K@Z          0040b130 f   atlsd:atltypes.obj
 0001:0000a170       ??8CSize@@QBEHUtagSIZE@@@Z 0040b170 f   atlsd:atltypes.obj
 0001:0000a1b0       ??9CSize@@QBEHUtagSIZE@@@Z 0040b1b0 f   atlsd:atltypes.obj
 0001:0000a1f0       ??YCSize@@QAEXUtagSIZE@@@Z 0040b1f0 f   atlsd:atltypes.obj
 0001:0000a220       ??ZCSize@@QAEXUtagSIZE@@@Z 0040b220 f   atlsd:atltypes.obj
 0001:0000a250       ?SetSize@CSize@@QAEXHH@Z   0040b250 f   atlsd:atltypes.obj
 0001:0000a270       ??HCSize@@QBE?AV0@UtagSIZE@@@Z 0040b270 f   atlsd:atltypes.obj
 0001:0000a2a0       ??GCSize@@QBE?AV0@UtagSIZE@@@Z 0040b2a0 f   atlsd:atltypes.obj
 0001:0000a2d0       ??GCSize@@QBE?AV0@XZ       0040b2d0 f   atlsd:atltypes.obj
 0001:0000a300       ??HCSize@@QBE?AVCPoint@@UtagPOINT@@@Z 0040b300 f   atlsd:atltypes.obj
 0001:0000a330       ??GCSize@@QBE?AVCPoint@@UtagPOINT@@@Z 0040b330 f   atlsd:atltypes.obj
 0001:0000a360       ??HCSize@@QBE?AVCRect@@PBUtagRECT@@@Z 0040b360 f   atlsd:atltypes.obj
 0001:0000a3c0       ??GCSize@@QBE?AVCRect@@PBUtagRECT@@@Z 0040b3c0 f   atlsd:atltypes.obj
 0001:0000a420       ??0CPoint@@QAE@XZ          0040b420 f   atlsd:atltypes.obj
 0001:0000a450       ??0CPoint@@QAE@HH@Z        0040b450 f   atlsd:atltypes.obj
 0001:0000a480       ??0CPoint@@QAE@UtagPOINT@@@Z 0040b480 f   atlsd:atltypes.obj
 0001:0000a4a0       ??0CPoint@@QAE@UtagSIZE@@@Z 0040b4a0 f   atlsd:atltypes.obj
 0001:0000a4c0       ??0CPoint@@QAE@J@Z         0040b4c0 f   atlsd:atltypes.obj
 0001:0000a500       ?Offset@CPoint@@QAEXHH@Z   0040b500 f   atlsd:atltypes.obj
 0001:0000a530       ?Offset@CPoint@@QAEXUtagPOINT@@@Z 0040b530 f   atlsd:atltypes.obj
 0001:0000a560       ?Offset@CPoint@@QAEXUtagSIZE@@@Z 0040b560 f   atlsd:atltypes.obj
 0001:0000a590       ?SetPoint@CPoint@@QAEXHH@Z 0040b590 f   atlsd:atltypes.obj
 0001:0000a5b0       ??8CPoint@@QBEHUtagPOINT@@@Z 0040b5b0 f   atlsd:atltypes.obj
 0001:0000a5f0       ??9CPoint@@QBEHUtagPOINT@@@Z 0040b5f0 f   atlsd:atltypes.obj
 0001:0000a630       ??YCPoint@@QAEXUtagSIZE@@@Z 0040b630 f   atlsd:atltypes.obj
 0001:0000a660       ??ZCPoint@@QAEXUtagSIZE@@@Z 0040b660 f   atlsd:atltypes.obj
 0001:0000a690       ??YCPoint@@QAEXUtagPOINT@@@Z 0040b690 f   atlsd:atltypes.obj
 0001:0000a6c0       ??ZCPoint@@QAEXUtagPOINT@@@Z 0040b6c0 f   atlsd:atltypes.obj
 0001:0000a6f0       ??HCPoint@@QBE?AV0@UtagSIZE@@@Z 0040b6f0 f   atlsd:atltypes.obj
 0001:0000a720       ??GCPoint@@QBE?AV0@UtagSIZE@@@Z 0040b720 f   atlsd:atltypes.obj
 0001:0000a750       ??GCPoint@@QBE?AV0@XZ      0040b750 f   atlsd:atltypes.obj
 0001:0000a780       ??HCPoint@@QBE?AV0@UtagPOINT@@@Z 0040b780 f   atlsd:atltypes.obj
 0001:0000a7b0       ??GCPoint@@QBE?AVCSize@@UtagPOINT@@@Z 0040b7b0 f   atlsd:atltypes.obj
 0001:0000a7e0       ??HCPoint@@QBE?AVCRect@@PBUtagRECT@@@Z 0040b7e0 f   atlsd:atltypes.obj
 0001:0000a840       ??GCPoint@@QBE?AVCRect@@PBUtagRECT@@@Z 0040b840 f   atlsd:atltypes.obj
 0001:0000a8a0       ??0CRect@@QAE@XZ           0040b8a0 f   atlsd:atltypes.obj
 0001:0000a8e0       ??0CRect@@QAE@HHHH@Z       0040b8e0 f   atlsd:atltypes.obj
 0001:0000a920       ??0CRect@@QAE@ABUtagRECT@@@Z 0040b920 f   atlsd:atltypes.obj
 0001:0000a940       ??0CRect@@QAE@PBUtagRECT@@@Z 0040b940 f   atlsd:atltypes.obj
 0001:0000a960       ??0CRect@@QAE@UtagPOINT@@UtagSIZE@@@Z 0040b960 f   atlsd:atltypes.obj
 0001:0000a9a0       ??0CRect@@QAE@UtagPOINT@@0@Z 0040b9a0 f   atlsd:atltypes.obj
 0001:0000a9e0       ?Width@CRect@@QBEHXZ       0040b9e0 f   atlsd:atltypes.obj
 0001:0000aa00       ?Height@CRect@@QBEHXZ      0040ba00 f   atlsd:atltypes.obj
 0001:0000aa20       ?Size@CRect@@QBE?AVCSize@@XZ 0040ba20 f   atlsd:atltypes.obj
 0001:0000aa60       ?TopLeft@CRect@@QAEAAVCPoint@@XZ 0040ba60 f   atlsd:atltypes.obj
 0001:0000aa70       ?BottomRight@CRect@@QAEAAVCPoint@@XZ 0040ba70 f   atlsd:atltypes.obj
 0001:0000aa90       ?TopLeft@CRect@@QBEABVCPoint@@XZ 0040ba90 f   atlsd:atltypes.obj
 0001:0000aaa0       ?BottomRight@CRect@@QBEABVCPoint@@XZ 0040baa0 f   atlsd:atltypes.obj
 0001:0000aac0       ?CenterPoint@CRect@@QBE?AVCPoint@@XZ 0040bac0 f   atlsd:atltypes.obj
 0001:0000ab00       ?SwapLeftRight@CRect@@QAEXXZ 0040bb00 f   atlsd:atltypes.obj
 0001:0000ab20       ?SwapLeftRight@CRect@@SGXPAUtagRECT@@@Z 0040bb20 f   atlsd:atltypes.obj
 0001:0000ab50       ??BCRect@@QAEPAUtagRECT@@XZ 0040bb50 f   atlsd:atltypes.obj
 0001:0000ab60       ??BCRect@@QBEPBUtagRECT@@XZ 0040bb60 f   atlsd:atltypes.obj
 0001:0000ab70       ?IsRectEmpty@CRect@@QBEHXZ 0040bb70 f   atlsd:atltypes.obj
 0001:0000ab90       ?IsRectNull@CRect@@QBEHXZ  0040bb90 f   atlsd:atltypes.obj
 0001:0000abe0       ?PtInRect@CRect@@QBEHUtagPOINT@@@Z 0040bbe0 f   atlsd:atltypes.obj
 0001:0000ac10       ?SetRect@CRect@@QAEXHHHH@Z 0040bc10 f   atlsd:atltypes.obj
 0001:0000ac40       ?SetRect@CRect@@QAEXUtagPOINT@@0@Z 0040bc40 f   atlsd:atltypes.obj
 0001:0000ac70       ?SetRectEmpty@CRect@@QAEXXZ 0040bc70 f   atlsd:atltypes.obj
 0001:0000ac90       ?CopyRect@CRect@@QAEXPBUtagRECT@@@Z 0040bc90 f   atlsd:atltypes.obj
 0001:0000acb0       ?EqualRect@CRect@@QBEHPBUtagRECT@@@Z 0040bcb0 f   atlsd:atltypes.obj
 0001:0000acd0       ?InflateRect@CRect@@QAEXHH@Z 0040bcd0 f   atlsd:atltypes.obj
 0001:0000ad00       ?InflateRect@CRect@@QAEXUtagSIZE@@@Z 0040bd00 f   atlsd:atltypes.obj
 0001:0000ad30       ?DeflateRect@CRect@@QAEXHH@Z 0040bd30 f   atlsd:atltypes.obj
 0001:0000ad60       ?DeflateRect@CRect@@QAEXUtagSIZE@@@Z 0040bd60 f   atlsd:atltypes.obj
 0001:0000ad90       ?OffsetRect@CRect@@QAEXHH@Z 0040bd90 f   atlsd:atltypes.obj
 0001:0000adc0       ?OffsetRect@CRect@@QAEXUtagPOINT@@@Z 0040bdc0 f   atlsd:atltypes.obj
 0001:0000adf0       ?OffsetRect@CRect@@QAEXUtagSIZE@@@Z 0040bdf0 f   atlsd:atltypes.obj
 0001:0000ae20       ?MoveToY@CRect@@QAEXH@Z    0040be20 f   atlsd:atltypes.obj
 0001:0000ae50       ?MoveToX@CRect@@QAEXH@Z    0040be50 f   atlsd:atltypes.obj
 0001:0000ae80       ?MoveToXY@CRect@@QAEXHH@Z  0040be80 f   atlsd:atltypes.obj
 0001:0000aeb0       ?MoveToXY@CRect@@QAEXUtagPOINT@@@Z 0040beb0 f   atlsd:atltypes.obj
 0001:0000aee0       ?IntersectRect@CRect@@QAEHPBUtagRECT@@0@Z 0040bee0 f   atlsd:atltypes.obj
 0001:0000af10       ?UnionRect@CRect@@QAEHPBUtagRECT@@0@Z 0040bf10 f   atlsd:atltypes.obj
 0001:0000af40       ??4CRect@@QAEXABUtagRECT@@@Z 0040bf40 f   atlsd:atltypes.obj
 0001:0000af60       ??8CRect@@QBEHABUtagRECT@@@Z 0040bf60 f   atlsd:atltypes.obj
 0001:0000af80       ??9CRect@@QBEHABUtagRECT@@@Z 0040bf80 f   atlsd:atltypes.obj
 0001:0000afb0       ??YCRect@@QAEXUtagPOINT@@@Z 0040bfb0 f   atlsd:atltypes.obj
 0001:0000afe0       ??YCRect@@QAEXUtagSIZE@@@Z 0040bfe0 f   atlsd:atltypes.obj
 0001:0000b010       ??YCRect@@QAEXPBUtagRECT@@@Z 0040c010 f   atlsd:atltypes.obj
 0001:0000b030       ??ZCRect@@QAEXUtagPOINT@@@Z 0040c030 f   atlsd:atltypes.obj
 0001:0000b060       ??ZCRect@@QAEXUtagSIZE@@@Z 0040c060 f   atlsd:atltypes.obj
 0001:0000b090       ??ZCRect@@QAEXPBUtagRECT@@@Z 0040c090 f   atlsd:atltypes.obj
 0001:0000b0b0       ??_4CRect@@QAEXABUtagRECT@@@Z 0040c0b0 f   atlsd:atltypes.obj
 0001:0000b0e0       ??_5CRect@@QAEXABUtagRECT@@@Z 0040c0e0 f   atlsd:atltypes.obj
 0001:0000b110       ??HCRect@@QBE?AV0@UtagPOINT@@@Z 0040c110 f   atlsd:atltypes.obj
 0001:0000b180       ??GCRect@@QBE?AV0@UtagPOINT@@@Z 0040c180 f   atlsd:atltypes.obj
 0001:0000b200       ??HCRect@@QBE?AV0@UtagSIZE@@@Z 0040c200 f   atlsd:atltypes.obj
 0001:0000b270       ??GCRect@@QBE?AV0@UtagSIZE@@@Z 0040c270 f   atlsd:atltypes.obj
 0001:0000b2f0       ??HCRect@@QBE?AV0@PBUtagRECT@@@Z 0040c2f0 f   atlsd:atltypes.obj
 0001:0000b350       ??GCRect@@QBE?AV0@PBUtagRECT@@@Z 0040c350 f   atlsd:atltypes.obj
 0001:0000b3b0       ??ICRect@@QBE?AV0@ABUtagRECT@@@Z 0040c3b0 f   atlsd:atltypes.obj
 0001:0000b410       ??UCRect@@QBE?AV0@ABUtagRECT@@@Z 0040c410 f   atlsd:atltypes.obj
 0001:0000b470       ?SubtractRect@CRect@@QAEHPBUtagRECT@@0@Z 0040c470 f   atlsd:atltypes.obj
 0001:0000b4a0       ?NormalizeRect@CRect@@QAEXXZ 0040c4a0 f   atlsd:atltypes.obj
 0001:0000b510       ?InflateRect@CRect@@QAEXPBUtagRECT@@@Z 0040c510 f   atlsd:atltypes.obj
 0001:0000b570       ?InflateRect@CRect@@QAEXHHHH@Z 0040c570 f   atlsd:atltypes.obj
 0001:0000b5c0       ?DeflateRect@CRect@@QAEXPBUtagRECT@@@Z 0040c5c0 f   atlsd:atltypes.obj
 0001:0000b620       ?DeflateRect@CRect@@QAEXHHHH@Z 0040c620 f   atlsd:atltypes.obj
 0001:0000b670       ?MulDiv@CRect@@QBE?AV1@HH@Z 0040c670 f   atlsd:atltypes.obj
 0001:0000b6e2       _SysFreeString@4           0040c6e2 f   oleaut32:OLEAUT32.dll
 0001:0000b6f0       _wWinMain@16               0040c6f0 f   mfcs100ud:appmodul.obj
 0001:0000b710       ?AfxInitialize@@YGHHK@Z    0040c710 f   mfcs100ud:appmodul.obj
 0001:0000b756       _MulDiv@12                 0040c756 f   kernel32:KERNEL32.dll
 0001:0000b75c       _CopyRect@8                0040c75c f   user32:USER32.dll
 0001:0000b762       _IsRectEmpty@4             0040c762 f   user32:USER32.dll
 0001:0000b768       _PtInRect@12               0040c768 f   user32:USER32.dll
 0001:0000b76e       _SetRect@20                0040c76e f   user32:USER32.dll
 0001:0000b774       _SetRectEmpty@4            0040c774 f   user32:USER32.dll
 0001:0000b77a       _EqualRect@8               0040c77a f   user32:USER32.dll
 0001:0000b780       _InflateRect@12            0040c780 f   user32:USER32.dll
 0001:0000b786       _OffsetRect@12             0040c786 f   user32:USER32.dll
 0001:0000b78c       _IntersectRect@12          0040c78c f   user32:USER32.dll
 0001:0000b792       _UnionRect@12              0040c792 f   user32:USER32.dll
 0001:0000b798       _SubtractRect@12           0040c798 f   user32:USER32.dll
 0001:0000b79e       ?AfxWinMain@@YGHPAUHINSTANCE__@@0PA_WH@Z 0040c79e f   mfc100ud:mfc100ud.dll
 0001:0000b7a4       ?AfxAssertFailedLine@@YGHPBDH@Z 0040c7a4 f   mfc100ud:mfc100ud.dll
 0001:0000b7aa       ?AfxGetModuleState@@YGPAVAFX_MODULE_STATE@@XZ 0040c7aa f   mfc100ud:mfc100ud.dll
 0002:00000000       __imp__InitCommonControlsEx@4 0040e000     comctl32:COMCTL32.dll
 0002:00000004       \177COMCTL32_NULL_THUNK_DATA 0040e004     comctl32:COMCTL32.dll
 0002:00000008       __imp__GetLastError@0      0040e008     kernel32:KERNEL32.dll
 0002:0000000c       __imp__CreateThread@24     0040e00c     kernel32:KERNEL32.dll
 0002:00000010       __imp__CreateDirectoryW@8  0040e010     kernel32:KERNEL32.dll
 0002:00000014       __imp__CopyFileW@12        0040e014     kernel32:KERNEL32.dll
 0002:00000018       __imp__EncodePointer@4     0040e018     kernel32:KERNEL32.dll
 0002:0000001c       __imp__MulDiv@12           0040e01c     kernel32:KERNEL32.dll
 0002:00000020       __imp__InterlockedCompareExchange@12 0040e020     kernel32:KERNEL32.dll
 0002:00000024       __imp__HeapSetInformation@16 0040e024     kernel32:KERNEL32.dll
 0002:00000028       __imp__GetStartupInfoW@4   0040e028     kernel32:KERNEL32.dll
 0002:0000002c       __imp__DecodePointer@4     0040e02c     kernel32:KERNEL32.dll
 0002:00000030       __imp__SetUnhandledExceptionFilter@4 0040e030     kernel32:KERNEL32.dll
 0002:00000034       __imp__Sleep@4             0040e034     kernel32:KERNEL32.dll
 0002:00000038       __imp__InterlockedExchange@8 0040e038     kernel32:KERNEL32.dll
 0002:0000003c       __imp__QueryPerformanceCounter@4 0040e03c     kernel32:KERNEL32.dll
 0002:00000040       __imp__GetTickCount@0      0040e040     kernel32:KERNEL32.dll
 0002:00000044       __imp__GetCurrentThreadId@0 0040e044     kernel32:KERNEL32.dll
 0002:00000048       __imp__FreeLibrary@4       0040e048     kernel32:KERNEL32.dll
 0002:0000004c       __imp__VirtualQuery@12     0040e04c     kernel32:KERNEL32.dll
 0002:00000050       __imp__GetModuleFileNameW@12 0040e050     kernel32:KERNEL32.dll
 0002:00000054       __imp__GetProcessHeap@0    0040e054     kernel32:KERNEL32.dll
 0002:00000058       __imp__HeapAlloc@12        0040e058     kernel32:KERNEL32.dll
 0002:0000005c       __imp__HeapFree@12         0040e05c     kernel32:KERNEL32.dll
 0002:00000060       __imp__UnhandledExceptionFilter@4 0040e060     kernel32:KERNEL32.dll
 0002:00000064       __imp__GetCurrentProcess@0 0040e064     kernel32:KERNEL32.dll
 0002:00000068       __imp__TerminateProcess@8  0040e068     kernel32:KERNEL32.dll
 0002:0000006c       __imp__LoadLibraryW@4      0040e06c     kernel32:KERNEL32.dll
 0002:00000070       __imp__GetProcAddress@8    0040e070     kernel32:KERNEL32.dll
 0002:00000074       __imp__lstrlenA@4          0040e074     kernel32:KERNEL32.dll
 0002:00000078       __imp__RaiseException@16   0040e078     kernel32:KERNEL32.dll
 0002:0000007c       __imp__MultiByteToWideChar@24 0040e07c     kernel32:KERNEL32.dll
 0002:00000080       __imp__IsDebuggerPresent@0 0040e080     kernel32:KERNEL32.dll
 0002:00000084       __imp__WideCharToMultiByte@32 0040e084     kernel32:KERNEL32.dll
 0002:00000088       __imp__GetSystemTimeAsFileTime@4 0040e088     kernel32:KERNEL32.dll
 0002:0000008c       __imp__GetCurrentProcessId@0 0040e08c     kernel32:KERNEL32.dll
 0002:00000090       __imp__TerminateThread@8   0040e090     kernel32:KERNEL32.dll
 0002:00000094       \177KERNEL32_NULL_THUNK_DATA 0040e094     kernel32:KERNEL32.dll
 0002:00000098       __imp____setusermatherr    0040e098     msvcrtd:MSVCR100D.dll
 0002:0000009c       __imp___configthreadlocale 0040e09c     msvcrtd:MSVCR100D.dll
 0002:000000a0       __imp_??_V@YAXPAX@Z        0040e0a0     msvcrtd:MSVCR100D.dll
 0002:000000a4       __imp__isprint             0040e0a4     msvcrtd:MSVCR100D.dll
 0002:000000a8       __imp__memcpy              0040e0a8     msvcrtd:MSVCR100D.dll
 0002:000000ac       __imp___time64             0040e0ac     msvcrtd:MSVCR100D.dll
 0002:000000b0       __imp___localtime64        0040e0b0     msvcrtd:MSVCR100D.dll
 0002:000000b4       __imp__malloc              0040e0b4     msvcrtd:MSVCR100D.dll
 0002:000000b8       __imp____CxxFrameHandler3  0040e0b8     msvcrtd:MSVCR100D.dll
 0002:000000bc       __imp__strftime            0040e0bc     msvcrtd:MSVCR100D.dll
 0002:000000c0       __imp__strcat              0040e0c0     msvcrtd:MSVCR100D.dll
 0002:000000c4       __imp__strcpy              0040e0c4     msvcrtd:MSVCR100D.dll
 0002:000000c8       __imp__strcmp              0040e0c8     msvcrtd:MSVCR100D.dll
 0002:000000cc       __imp__memset              0040e0cc     msvcrtd:MSVCR100D.dll
 0002:000000d0       __imp___commode            0040e0d0     msvcrtd:MSVCR100D.dll
 0002:000000d4       __imp___crt_debugger_hook  0040e0d4     msvcrtd:MSVCR100D.dll
 0002:000000d8       __imp_?_type_info_dtor_internal_method@type_info@@QAEXXZ 0040e0d8     msvcrtd:MSVCR100D.dll
 0002:000000dc       __imp___except_handler4_common 0040e0dc     msvcrtd:MSVCR100D.dll
 0002:000000e0       __imp___invoke_watson      0040e0e0     msvcrtd:MSVCR100D.dll
 0002:000000e4       __imp___controlfp_s        0040e0e4     msvcrtd:MSVCR100D.dll
 0002:000000e8       __imp_?terminate@@YAXXZ    0040e0e8     msvcrtd:MSVCR100D.dll
 0002:000000ec       __imp___onexit             0040e0ec     msvcrtd:MSVCR100D.dll
 0002:000000f0       __imp___lock               0040e0f0     msvcrtd:MSVCR100D.dll
 0002:000000f4       __imp____dllonexit         0040e0f4     msvcrtd:MSVCR100D.dll
 0002:000000f8       __imp___unlock             0040e0f8     msvcrtd:MSVCR100D.dll
 0002:000000fc       __imp___CRT_RTC_INITW      0040e0fc     msvcrtd:MSVCR100D.dll
 0002:00000100       __imp___initterm_e         0040e100     msvcrtd:MSVCR100D.dll
 0002:00000104       __imp___initterm           0040e104     msvcrtd:MSVCR100D.dll
 0002:00000108       __imp___CrtDbgReportW      0040e108     msvcrtd:MSVCR100D.dll
 0002:0000010c       __imp___CrtSetCheckCount   0040e10c     msvcrtd:MSVCR100D.dll
 0002:00000110       __imp___wcmdln             0040e110     msvcrtd:MSVCR100D.dll
 0002:00000114       __imp__exit                0040e114     msvcrtd:MSVCR100D.dll
 0002:00000118       __imp___cexit              0040e118     msvcrtd:MSVCR100D.dll
 0002:0000011c       __imp___XcptFilter         0040e11c     msvcrtd:MSVCR100D.dll
 0002:00000120       __imp___exit               0040e120     msvcrtd:MSVCR100D.dll
 0002:00000124       __imp____wgetmainargs      0040e124     msvcrtd:MSVCR100D.dll
 0002:00000128       __imp___amsg_exit          0040e128     msvcrtd:MSVCR100D.dll
 0002:0000012c       __imp____set_app_type      0040e12c     msvcrtd:MSVCR100D.dll
 0002:00000130       __imp___fmode              0040e130     msvcrtd:MSVCR100D.dll
 0002:00000134       \177MSVCR100D_NULL_THUNK_DATA 0040e134     msvcrtd:MSVCR100D.dll
 0002:00000138       __imp__SysFreeString@4     0040e138     oleaut32:OLEAUT32.dll
 0002:0000013c       \177OLEAUT32_NULL_THUNK_DATA 0040e13c     oleaut32:OLEAUT32.dll
 0002:00000140       __imp__MessageBoxW@16      0040e140     user32:USER32.dll
 0002:00000144       __imp__PtInRect@12         0040e144     user32:USER32.dll
 0002:00000148       __imp__SetRect@20          0040e148     user32:USER32.dll
 0002:0000014c       __imp__SetRectEmpty@4      0040e14c     user32:USER32.dll
 0002:00000150       __imp__EqualRect@8         0040e150     user32:USER32.dll
 0002:00000154       __imp__InflateRect@12      0040e154     user32:USER32.dll
 0002:00000158       __imp__OffsetRect@12       0040e158     user32:USER32.dll
 0002:0000015c       __imp__IntersectRect@12    0040e15c     user32:USER32.dll
 0002:00000160       __imp__UnionRect@12        0040e160     user32:USER32.dll
 0002:00000164       __imp__SubtractRect@12     0040e164     user32:USER32.dll
 0002:00000168       __imp__GetSystemMetrics@4  0040e168     user32:USER32.dll
 0002:0000016c       __imp__IsRectEmpty@4       0040e16c     user32:USER32.dll
 0002:00000170       __imp__CopyRect@8          0040e170     user32:USER32.dll
 0002:00000174       \177USER32_NULL_THUNK_DATA 0040e174     user32:USER32.dll
 0002:00000178       __imp__inet_ntoa@4         0040e178     ws2_32:WS2_32.dll
 0002:0000017c       __imp__ntohs@4             0040e17c     ws2_32:WS2_32.dll
 0002:00000180       \177WS2_32_NULL_THUNK_DATA 0040e180     ws2_32:WS2_32.dll
 0002:00000184       __imp_?OnFinalRelease@CWnd@@UAEXXZ 0040e184     mfc100ud:mfc100ud.dll
 0002:00000188       __imp_?GetInterfaceMap@CWnd@@MBEPBUAFX_INTERFACEMAP@@XZ 0040e188     mfc100ud:mfc100ud.dll
 0002:0000018c       __imp_?PreSubclassWindow@CWnd@@UAEXXZ 0040e18c     mfc100ud:mfc100ud.dll
 0002:00000190       __imp_?Create@CWnd@@UAEHPB_W0KABUtagRECT@@PAV1@IPAUCCreateContext@@@Z 0040e190     mfc100ud:mfc100ud.dll
 0002:00000194       __imp_?CreateEx@CWnd@@UAEHKPB_W0KABUtagRECT@@PAV1@IPAX@Z 0040e194     mfc100ud:mfc100ud.dll
 0002:00000198       __imp_?CreateEx@CWnd@@UAEHKPB_W0KHHHHPAUHWND__@@PAUHMENU__@@PAX@Z 0040e198     mfc100ud:mfc100ud.dll
 0002:0000019c       __imp_?DestroyWindow@CWnd@@UAEHXZ 0040e19c     mfc100ud:mfc100ud.dll
 0002:000001a0       __imp_?PreCreateWindow@CWnd@@UAEHAAUtagCREATESTRUCTW@@@Z 0040e1a0     mfc100ud:mfc100ud.dll
 0002:000001a4       __imp_?CalcWindowRect@CWnd@@UAEXPAUtagRECT@@I@Z 0040e1a4     mfc100ud:mfc100ud.dll
 0002:000001a8       __imp_?GetMenu@CWnd@@UBEPAVCMenu@@XZ 0040e1a8     mfc100ud:mfc100ud.dll
 0002:000001ac       __imp_?SetMenu@CWnd@@UAEHPAVCMenu@@@Z 0040e1ac     mfc100ud:mfc100ud.dll
 0002:000001b0       __imp_?OnToolHitTest@CWnd@@UBEHVCPoint@@PAUtagTOOLINFOW@@@Z 0040e1b0     mfc100ud:mfc100ud.dll
 0002:000001b4       __imp_?GetScrollBarCtrl@CWnd@@UBEPAVCScrollBar@@H@Z 0040e1b4     mfc100ud:mfc100ud.dll
 0002:000001b8       __imp_?WinHelpW@CWnd@@UAEXKI@Z 0040e1b8     mfc100ud:mfc100ud.dll
 0002:000001bc       __imp_?HtmlHelpW@CWnd@@UAEXKI@Z 0040e1bc     mfc100ud:mfc100ud.dll
 0002:000001c0       __imp_?WinHelpInternal@CWnd@@UAEXKI@Z 0040e1c0     mfc100ud:mfc100ud.dll
 0002:000001c4       __imp_?ContinueModal@CWnd@@UAEHXZ 0040e1c4     mfc100ud:mfc100ud.dll
 0002:000001c8       __imp_?EndModalLoop@CWnd@@UAEXH@Z 0040e1c8     mfc100ud:mfc100ud.dll
 0002:000001cc       __imp_?OnDrawIconicThumbnailOrLivePreview@CWnd@@UAEXAAVCDC@@VCRect@@VCSize@@HAAH@Z 0040e1cc     mfc100ud:mfc100ud.dll
 0002:000001d0       __imp_?EnsureStdObj@CWnd@@UAEJXZ 0040e1d0     mfc100ud:mfc100ud.dll
 0002:000001d4       __imp_?get_accParent@CWnd@@UAEJPAPAUIDispatch@@@Z 0040e1d4     mfc100ud:mfc100ud.dll
 0002:000001d8       __imp_?get_accChildCount@CWnd@@UAEJPAJ@Z 0040e1d8     mfc100ud:mfc100ud.dll
 0002:000001dc       __imp_?get_accChild@CWnd@@UAEJUtagVARIANT@@PAPAUIDispatch@@@Z 0040e1dc     mfc100ud:mfc100ud.dll
 0002:000001e0       __imp_?get_accName@CWnd@@UAEJUtagVARIANT@@PAPA_W@Z 0040e1e0     mfc100ud:mfc100ud.dll
 0002:000001e4       __imp_?get_accValue@CWnd@@UAEJUtagVARIANT@@PAPA_W@Z 0040e1e4     mfc100ud:mfc100ud.dll
 0002:000001e8       __imp_?get_accDescription@CWnd@@UAEJUtagVARIANT@@PAPA_W@Z 0040e1e8     mfc100ud:mfc100ud.dll
 0002:000001ec       __imp_?get_accRole@CWnd@@UAEJUtagVARIANT@@PAU2@@Z 0040e1ec     mfc100ud:mfc100ud.dll
 0002:000001f0       __imp_?get_accState@CWnd@@UAEJUtagVARIANT@@PAU2@@Z 0040e1f0     mfc100ud:mfc100ud.dll
 0002:000001f4       __imp_?get_accHelp@CWnd@@UAEJUtagVARIANT@@PAPA_W@Z 0040e1f4     mfc100ud:mfc100ud.dll
 0002:000001f8       __imp_?get_accHelpTopic@CWnd@@UAEJPAPA_WUtagVARIANT@@PAJ@Z 0040e1f8     mfc100ud:mfc100ud.dll
 0002:000001fc       __imp_?get_accKeyboardShortcut@CWnd@@UAEJUtagVARIANT@@PAPA_W@Z 0040e1fc     mfc100ud:mfc100ud.dll
 0002:00000200       __imp_?get_accFocus@CWnd@@UAEJPAUtagVARIANT@@@Z 0040e200     mfc100ud:mfc100ud.dll
 0002:00000204       __imp_?get_accSelection@CWnd@@UAEJPAUtagVARIANT@@@Z 0040e204     mfc100ud:mfc100ud.dll
 0002:00000208       __imp_?get_accDefaultAction@CWnd@@UAEJUtagVARIANT@@PAPA_W@Z 0040e208     mfc100ud:mfc100ud.dll
 0002:0000020c       __imp_?accSelect@CWnd@@UAEJJUtagVARIANT@@@Z 0040e20c     mfc100ud:mfc100ud.dll
 0002:00000210       __imp_?accLocation@CWnd@@UAEJPAJ000UtagVARIANT@@@Z 0040e210     mfc100ud:mfc100ud.dll
 0002:00000214       __imp_?accNavigate@CWnd@@UAEJJUtagVARIANT@@PAU2@@Z 0040e214     mfc100ud:mfc100ud.dll
 0002:00000218       __imp_?accHitTest@CWnd@@UAEJJJPAUtagVARIANT@@@Z 0040e218     mfc100ud:mfc100ud.dll
 0002:0000021c       __imp_?accDoDefaultAction@CWnd@@UAEJUtagVARIANT@@@Z 0040e21c     mfc100ud:mfc100ud.dll
 0002:00000220       __imp_?put_accName@CWnd@@UAEJUtagVARIANT@@PA_W@Z 0040e220     mfc100ud:mfc100ud.dll
 0002:00000224       __imp_?put_accValue@CWnd@@UAEJUtagVARIANT@@PA_W@Z 0040e224     mfc100ud:mfc100ud.dll
 0002:00000228       __imp_?SetProxy@CWnd@@UAEJPAUIAccessibleProxy@@@Z 0040e228     mfc100ud:mfc100ud.dll
 0002:0000022c       __imp_?CreateAccessibleProxy@CWnd@@UAEJIJPAJ@Z 0040e22c     mfc100ud:mfc100ud.dll
 0002:00000230       __imp_?OnCommand@CWnd@@MAEHIJ@Z 0040e230     mfc100ud:mfc100ud.dll
 0002:00000234       __imp_?OnNotify@CWnd@@MAEHIJPAJ@Z 0040e234     mfc100ud:mfc100ud.dll
 0002:00000238       __imp_?GetSuperWndProcAddr@CWnd@@MAEPAP6GJPAUHWND__@@IIJ@ZXZ 0040e238     mfc100ud:mfc100ud.dll
 0002:0000023c       __imp_?BeginModalState@CWnd@@UAEXXZ 0040e23c     mfc100ud:mfc100ud.dll
 0002:00000240       __imp_?EndModalState@CWnd@@UAEXXZ 0040e240     mfc100ud:mfc100ud.dll
 0002:00000244       __imp_?PreTranslateMessage@CDialog@@UAEHPAUtagMSG@@@Z 0040e244     mfc100ud:mfc100ud.dll
 0002:00000248       __imp_?OnAmbientProperty@CWnd@@UAEHPAVCOleControlSite@@JPAUtagVARIANT@@@Z 0040e248     mfc100ud:mfc100ud.dll
 0002:0000024c       __imp_?WindowProc@CWnd@@MAEJIIJ@Z 0040e24c     mfc100ud:mfc100ud.dll
 0002:00000250       __imp_?OnWndMsg@CWnd@@MAEHIIJPAJ@Z 0040e250     mfc100ud:mfc100ud.dll
 0002:00000254       __imp_?DefWindowProcW@CWnd@@MAEJIIJ@Z 0040e254     mfc100ud:mfc100ud.dll
 0002:00000258       __imp_?PostNcDestroy@CWnd@@MAEXXZ 0040e258     mfc100ud:mfc100ud.dll
 0002:0000025c       __imp_?OnChildNotify@CWnd@@MAEHIIJPAJ@Z 0040e25c     mfc100ud:mfc100ud.dll
 0002:00000260       __imp_?OnTouchInputs@CWnd@@MAEHIPAUtagTOUCHINPUT@@@Z 0040e260     mfc100ud:mfc100ud.dll
 0002:00000264       __imp_?OnTouchInput@CWnd@@MAEHVCPoint@@HHPAUtagTOUCHINPUT@@@Z 0040e264     mfc100ud:mfc100ud.dll
 0002:00000268       __imp_?GetGestureStatus@CWnd@@MAEKVCPoint@@@Z 0040e268     mfc100ud:mfc100ud.dll
 0002:0000026c       __imp_?OnGestureZoom@CWnd@@MAEHVCPoint@@J@Z 0040e26c     mfc100ud:mfc100ud.dll
 0002:00000270       __imp_?OnGesturePan@CWnd@@MAEHVCPoint@@0@Z 0040e270     mfc100ud:mfc100ud.dll
 0002:00000274       __imp_?OnGestureRotate@CWnd@@MAEHVCPoint@@N@Z 0040e274     mfc100ud:mfc100ud.dll
 0002:00000278       __imp_?OnGestureTwoFingerTap@CWnd@@MAEHVCPoint@@@Z 0040e278     mfc100ud:mfc100ud.dll
 0002:0000027c       __imp_?OnGesturePressAndTap@CWnd@@MAEHVCPoint@@J@Z 0040e27c     mfc100ud:mfc100ud.dll
 0002:00000280       __imp_?CheckAutoCenter@CDialog@@UAEHXZ 0040e280     mfc100ud:mfc100ud.dll
 0002:00000284       __imp_?IsFrameWnd@CWnd@@UBEHXZ 0040e284     mfc100ud:mfc100ud.dll
 0002:00000288       __imp_?CreateControlContainer@CWnd@@MAEHPAPAVCOleControlContainer@@@Z 0040e288     mfc100ud:mfc100ud.dll
 0002:0000028c       __imp_?CreateControlSite@CWnd@@MAEHPAVCOleControlContainer@@PAPAVCOleControlSite@@IABU_GUID@@@Z 0040e28c     mfc100ud:mfc100ud.dll
 0002:00000290       __imp_?SetOccDialogInfo@CDialog@@MAEHPAU_AFX_OCC_DIALOG_INFO@@@Z 0040e290     mfc100ud:mfc100ud.dll
 0002:00000294       __imp_?GetOccDialogInfo@CDialog@@MAEPAU_AFX_OCC_DIALOG_INFO@@XZ 0040e294     mfc100ud:mfc100ud.dll
 0002:00000298       __imp_?GetRuntimeClass@CDialog@@UBEPAUCRuntimeClass@@XZ 0040e298     mfc100ud:mfc100ud.dll
 0002:0000029c       __imp_?Create@CDialog@@UAEHPB_WPAVCWnd@@@Z 0040e29c     mfc100ud:mfc100ud.dll
 0002:000002a0       __imp_?CreateIndirect@CDialog@@UAEHPAXPAVCWnd@@@Z 0040e2a0     mfc100ud:mfc100ud.dll
 0002:000002a4       __imp_?CreateIndirect@CDialog@@UAEHPBUDLGTEMPLATE@@PAVCWnd@@PAX@Z 0040e2a4     mfc100ud:mfc100ud.dll
 0002:000002a8       __imp_?OnInitDialog@CDialog@@UAEHXZ 0040e2a8     mfc100ud:mfc100ud.dll
 0002:000002ac       __imp_?OnSetFont@CDialog@@UAEXPAVCFont@@@Z 0040e2ac     mfc100ud:mfc100ud.dll
 0002:000002b0       __imp_?AfxGetModuleState@@YGPAVAFX_MODULE_STATE@@XZ 0040e2b0     mfc100ud:mfc100ud.dll
 0002:000002b4       __imp_?OnCancel@CDialog@@MAEXXZ 0040e2b4     mfc100ud:mfc100ud.dll
 0002:000002b8       __imp_?PreInitDialog@CDialog@@MAEXXZ 0040e2b8     mfc100ud:mfc100ud.dll
 0002:000002bc       __imp_?DoDataExchange@CWnd@@MAEXPAVCDataExchange@@@Z 0040e2bc     mfc100ud:mfc100ud.dll
 0002:000002c0       __imp_?LoadIconW@CWinApp@@QBEPAUHICON__@@I@Z 0040e2c0     mfc100ud:mfc100ud.dll
 0002:000002c4       __imp_?AfxGetApp@@YGPAVCWinApp@@XZ 0040e2c4     mfc100ud:mfc100ud.dll
 0002:000002c8       __imp_??0CBitmapButton@@QAE@XZ 0040e2c8     mfc100ud:mfc100ud.dll
 0002:000002cc       __imp_??0CButton@@QAE@XZ   0040e2cc     mfc100ud:mfc100ud.dll
 0002:000002d0       __imp_??0CEdit@@QAE@XZ     0040e2d0     mfc100ud:mfc100ud.dll
 0002:000002d4       __imp_??0CTreeCtrl@@QAE@XZ 0040e2d4     mfc100ud:mfc100ud.dll
 0002:000002d8       __imp_??0CComboBox@@QAE@XZ 0040e2d8     mfc100ud:mfc100ud.dll
 0002:000002dc       __imp_??0CListCtrl@@QAE@XZ 0040e2dc     mfc100ud:mfc100ud.dll
 0002:000002e0       __imp_??0CPtrList@@QAE@H@Z 0040e2e0     mfc100ud:mfc100ud.dll
 0002:000002e4       __imp_?DDX_Control@@YGXPAVCDataExchange@@HAAVCWnd@@@Z 0040e2e4     mfc100ud:mfc100ud.dll
 0002:000002e8       __imp_?EnableWindow@CWnd@@QAEHH@Z 0040e2e8     mfc100ud:mfc100ud.dll
 0002:000002ec       __imp_?SetCurSel@CComboBox@@QAEHH@Z 0040e2ec     mfc100ud:mfc100ud.dll
 0002:000002f0       __imp_??0?$CStringT@_WV?$StrTraitMFC_DLL@_WV?$ChTraitsCRT@_W@ATL@@@@@ATL@@QAE@PBD@Z 0040e2f0     mfc100ud:mfc100ud.dll
 0002:000002f4       __imp_?AddString@CComboBox@@QAEHPB_W@Z 0040e2f4     mfc100ud:mfc100ud.dll
 0002:000002f8       __imp_?InsertColumn@CListCtrl@@QAEHHPB_WHHH@Z 0040e2f8     mfc100ud:mfc100ud.dll
 0002:000002fc       __imp_?SetExtendedStyle@CListCtrl@@QAEKK@Z 0040e2fc     mfc100ud:mfc100ud.dll
 0002:00000300       __imp_?ShowWindow@CWnd@@QAEHH@Z 0040e300     mfc100ud:mfc100ud.dll
 0002:00000304       __imp_?SetIcon@CWnd@@QAEPAUHICON__@@PAU2@H@Z 0040e304     mfc100ud:mfc100ud.dll
 0002:00000308       __imp_??1?$CStringT@_WV?$StrTraitMFC_DLL@_WV?$ChTraitsCRT@_W@ATL@@@@@ATL@@QAE@XZ 0040e308     mfc100ud:mfc100ud.dll
 0002:0000030c       __imp_??B?$CSimpleStringT@_W$00@ATL@@QBEPB_WXZ 0040e30c     mfc100ud:mfc100ud.dll
 0002:00000310       __imp_?AppendMenuW@CMenu@@QAEHIIPB_W@Z 0040e310     mfc100ud:mfc100ud.dll
 0002:00000314       __imp_?IsEmpty@?$CSimpleStringT@_W$00@ATL@@QBE_NXZ 0040e314     mfc100ud:mfc100ud.dll
 0002:00000318       __imp_?LoadStringW@?$CStringT@_WV?$StrTraitMFC_DLL@_WV?$ChTraitsCRT@_W@ATL@@@@@ATL@@QAEHI@Z 0040e318     mfc100ud:mfc100ud.dll
 0002:0000031c       __imp_??0?$CStringT@_WV?$StrTraitMFC_DLL@_WV?$ChTraitsCRT@_W@ATL@@@@@ATL@@QAE@XZ 0040e31c     mfc100ud:mfc100ud.dll
 0002:00000320       __imp_?GetSystemMenu@CWnd@@QBEPAVCMenu@@H@Z 0040e320     mfc100ud:mfc100ud.dll
 0002:00000324       __imp_?OnSysCommand@CWnd@@IAEXIJ@Z 0040e324     mfc100ud:mfc100ud.dll
 0002:00000328       __imp_?OnPaint@CDialog@@IAEXXZ 0040e328     mfc100ud:mfc100ud.dll
 0002:0000032c       __imp_??1CPaintDC@@UAE@XZ  0040e32c     mfc100ud:mfc100ud.dll
 0002:00000330       __imp_?DrawIcon@CDC@@QAEHHHPAUHICON__@@@Z 0040e330     mfc100ud:mfc100ud.dll
 0002:00000334       __imp_?GetClientRect@CWnd@@QBEXPAUtagRECT@@@Z 0040e334     mfc100ud:mfc100ud.dll
 0002:00000338       __imp_?SendMessageW@CWnd@@QBEJIIJ@Z 0040e338     mfc100ud:mfc100ud.dll
 0002:0000033c       __imp_?GetSafeHdc@CDC@@QBEPAUHDC__@@XZ 0040e33c     mfc100ud:mfc100ud.dll
 0002:00000340       __imp_??0CPaintDC@@QAE@PAVCWnd@@@Z 0040e340     mfc100ud:mfc100ud.dll
 0002:00000344       __imp_?IsIconic@CWnd@@QBEHXZ 0040e344     mfc100ud:mfc100ud.dll
 0002:00000348       __imp_?SetWindowTextW@CWnd@@QAEXPB_W@Z 0040e348     mfc100ud:mfc100ud.dll
 0002:0000034c       __imp_?OnCmdMsg@CDialog@@UAEHIHPAXPAUAFX_CMDHANDLERINFO@@@Z 0040e34c     mfc100ud:mfc100ud.dll
 0002:00000350       __imp_?DeleteAllItems@CListCtrl@@QAEHXZ 0040e350     mfc100ud:mfc100ud.dll
 0002:00000354       __imp_?RemoveAll@CPtrList@@QAEXXZ 0040e354     mfc100ud:mfc100ud.dll
 0002:00000358       __imp_?MessageBoxW@CWnd@@QAEHPB_W0I@Z 0040e358     mfc100ud:mfc100ud.dll
 0002:0000035c       __imp_?IsEmpty@CPtrList@@QBEHXZ 0040e35c     mfc100ud:mfc100ud.dll
 0002:00000360       __imp_?GetCount@CPtrList@@QBEHXZ 0040e360     mfc100ud:mfc100ud.dll
 0002:00000364       __imp_?GetHotItem@CListCtrl@@QBEHXZ 0040e364     mfc100ud:mfc100ud.dll
 0002:00000368       __imp_??1CFileDialog@@UAE@XZ 0040e368     mfc100ud:mfc100ud.dll
 0002:0000036c       __imp_?GetPathName@CFileDialog@@QBE?AV?$CStringT@_WV?$StrTraitMFC_DLL@_WV?$ChTraitsCRT@_W@ATL@@@@@ATL@@XZ 0040e36c     mfc100ud:mfc100ud.dll
 0002:00000370       __imp_?DoModal@CFileDialog@@UAEHXZ 0040e370     mfc100ud:mfc100ud.dll
 0002:00000374       __imp_?GetOFN@CFileDialog@@QAEAAUtagOFNW@@XZ 0040e374     mfc100ud:mfc100ud.dll
 0002:00000378       __imp_??0CFileDialog@@QAE@HPB_W0K0PAVCWnd@@KH@Z 0040e378     mfc100ud:mfc100ud.dll
 0002:0000037c       __imp_?GetAt@CPtrList@@QAEAAPAXPAU__POSITION@@@Z 0040e37c     mfc100ud:mfc100ud.dll
 0002:00000380       __imp_?FindIndex@CPtrList@@QBEPAU__POSITION@@H@Z 0040e380     mfc100ud:mfc100ud.dll
 0002:00000384       __imp_?Format@?$CStringT@_WV?$StrTraitMFC_DLL@_WV?$ChTraitsCRT@_W@ATL@@@@@ATL@@QAAXPB_WZZ 0040e384     mfc100ud:mfc100ud.dll
 0002:00000388       __imp_??1CFileFind@@UAE@XZ 0040e388     mfc100ud:mfc100ud.dll
 0002:0000038c       __imp_?FindFile@CFileFind@@UAEHPB_WK@Z 0040e38c     mfc100ud:mfc100ud.dll
 0002:00000390       __imp_??0CFileFind@@QAE@XZ 0040e390     mfc100ud:mfc100ud.dll
 0002:00000394       __imp_?GetAt@?$CSimpleStringT@_W$00@ATL@@QBE_WH@Z 0040e394     mfc100ud:mfc100ud.dll
 0002:00000398       __imp_?GetLength@?$CSimpleStringT@_W$00@ATL@@QBEHXZ 0040e398     mfc100ud:mfc100ud.dll
 0002:0000039c       __imp_?GetLBText@CComboBox@@QBEXHAAV?$CStringT@_WV?$StrTraitMFC_DLL@_WV?$ChTraitsCRT@_W@ATL@@@@@ATL@@@Z 0040e39c     mfc100ud:mfc100ud.dll
 0002:000003a0       __imp_?GetCurSel@CComboBox@@QBEHXZ 0040e3a0     mfc100ud:mfc100ud.dll
 0002:000003a4       __imp_?AppendFormat@?$CStringT@_WV?$StrTraitMFC_DLL@_WV?$ChTraitsCRT@_W@ATL@@@@@ATL@@QAAXPB_WZZ 0040e3a4     mfc100ud:mfc100ud.dll
 0002:000003a8       __imp_??4?$CStringT@_WV?$StrTraitMFC_DLL@_WV?$ChTraitsCRT@_W@ATL@@@@@ATL@@QAEAAV01@ABV01@@Z 0040e3a8     mfc100ud:mfc100ud.dll
 0002:000003ac       __imp_?Empty@?$CSimpleStringT@_W$00@ATL@@QAEXXZ 0040e3ac     mfc100ud:mfc100ud.dll
 0002:000003b0       __imp_?SetItemText@CListCtrl@@QAEHHHPB_W@Z 0040e3b0     mfc100ud:mfc100ud.dll
 0002:000003b4       __imp_?InsertItem@CListCtrl@@QAEHHPB_W@Z 0040e3b4     mfc100ud:mfc100ud.dll
 0002:000003b8       __imp_?AddTail@CPtrList@@QAEPAU__POSITION@@PAX@Z 0040e3b8     mfc100ud:mfc100ud.dll
 0002:000003bc       __imp_?InsertItem@CTreeCtrl@@QAEPAU_TREEITEM@@PB_WPAU2@1@Z 0040e3bc     mfc100ud:mfc100ud.dll
 0002:000003c0       __imp_?GetRootItem@CTreeCtrl@@QBEPAU_TREEITEM@@XZ 0040e3c0     mfc100ud:mfc100ud.dll
 0002:000003c4       __imp_??0?$CStringT@_WV?$StrTraitMFC_DLL@_WV?$ChTraitsCRT@_W@ATL@@@@@ATL@@QAE@ABV01@@Z 0040e3c4     mfc100ud:mfc100ud.dll
 0002:000003c8       __imp_?Concatenate@?$CSimpleStringT@_W$00@ATL@@KAXAAV12@PB_WH1H@Z 0040e3c8     mfc100ud:mfc100ud.dll
 0002:000003cc       __imp_?StringLength@?$CSimpleStringT@_W$00@ATL@@SAHPB_W@Z 0040e3cc     mfc100ud:mfc100ud.dll
 0002:000003d0       __imp_??0?$CStringT@_WV?$StrTraitMFC_DLL@_WV?$ChTraitsCRT@_W@ATL@@@@@ATL@@QAE@PAUIAtlStringMgr@1@@Z 0040e3d0     mfc100ud:mfc100ud.dll
 0002:000003d4       __imp_?GetManager@?$CStringT@_WV?$StrTraitMFC_DLL@_WV?$ChTraitsCRT@_W@ATL@@@@@ATL@@QBEPAUIAtlStringMgr@2@XZ 0040e3d4     mfc100ud:mfc100ud.dll
 0002:000003d8       __imp_?Append@?$CSimpleStringT@_W$00@ATL@@QAEXPB_W@Z 0040e3d8     mfc100ud:mfc100ud.dll
 0002:000003dc       __imp_??0CDialog@@QAE@IPAVCWnd@@@Z 0040e3dc     mfc100ud:mfc100ud.dll
 0002:000003e0       __imp_?GetThisMessageMap@CDialog@@KGPBUAFX_MSGMAP@@XZ 0040e3e0     mfc100ud:mfc100ud.dll
 0002:000003e4       __imp_??1CBitmap@@UAE@XZ   0040e3e4     mfc100ud:mfc100ud.dll
 0002:000003e8       __imp_??1CEdit@@UAE@XZ     0040e3e8     mfc100ud:mfc100ud.dll
 0002:000003ec       __imp_??1CButton@@UAE@XZ   0040e3ec     mfc100ud:mfc100ud.dll
 0002:000003f0       __imp_??1CPtrList@@UAE@XZ  0040e3f0     mfc100ud:mfc100ud.dll
 0002:000003f4       __imp_??1CTreeCtrl@@UAE@XZ 0040e3f4     mfc100ud:mfc100ud.dll
 0002:000003f8       __imp_??1CComboBox@@UAE@XZ 0040e3f8     mfc100ud:mfc100ud.dll
 0002:000003fc       __imp_??1CListCtrl@@UAE@XZ 0040e3fc     mfc100ud:mfc100ud.dll
 0002:00000400       __imp_??1CDialog@@UAE@XZ   0040e400     mfc100ud:mfc100ud.dll
 0002:00000404       __imp_?InitInstance@CWinApp@@UAEHXZ 0040e404     mfc100ud:mfc100ud.dll
 0002:00000408       __imp_?AfxEnableControlContainer@@YAXPAVCOccManager@@@Z 0040e408     mfc100ud:mfc100ud.dll
 0002:0000040c       __imp_?SetRegistryKey@CWinApp@@IAEXPB_W@Z 0040e40c     mfc100ud:mfc100ud.dll
 0002:00000410       __imp_?DoModal@CDialog@@UAEHXZ 0040e410     mfc100ud:mfc100ud.dll
 0002:00000414       __imp_??1CWinApp@@UAE@XZ   0040e414     mfc100ud:mfc100ud.dll
 0002:00000418       __imp_??3CObject@@SGXPAX@Z 0040e418     mfc100ud:mfc100ud.dll
 0002:0000041c       __imp_?LoadSysPolicies@CWinApp@@UAEHXZ 0040e41c     mfc100ud:mfc100ud.dll
 0002:00000420       __imp_?LoadAppLangResourceDLL@CWinApp@@UAEPAUHINSTANCE__@@XZ 0040e420     mfc100ud:mfc100ud.dll
 0002:00000424       __imp_?RestartInstance@CWinApp@@UAEHXZ 0040e424     mfc100ud:mfc100ud.dll
 0002:00000428       __imp_?IsTaskbarInteractionEnabled@CWinApp@@UAEHXZ 0040e428     mfc100ud:mfc100ud.dll
 0002:0000042c       __imp_?GetDataRecoveryHandler@CWinApp@@UAEPAVCDataRecoveryHandler@@XZ 0040e42c     mfc100ud:mfc100ud.dll
 0002:00000430       __imp_?ApplicationRecoveryCallback@CWinApp@@UAEKPAX@Z 0040e430     mfc100ud:mfc100ud.dll
 0002:00000434       __imp_?RegisterWithRestartManager@CWinApp@@UAEJHABV?$CStringT@_WV?$StrTraitMFC_DLL@_WV?$ChTraitsCRT@_W@ATL@@@@@ATL@@@Z 0040e434     mfc100ud:mfc100ud.dll
 0002:00000438       __imp_?RegisterWithRestartManager@CWinApp@@UAEJPB_WKP6GKPAX@Z1KK@Z 0040e438     mfc100ud:mfc100ud.dll
 0002:0000043c       __imp_?WinHelpInternal@CWinApp@@UAEXKI@Z 0040e43c     mfc100ud:mfc100ud.dll
 0002:00000440       __imp_?HtmlHelpW@CWinApp@@UAEXKI@Z 0040e440     mfc100ud:mfc100ud.dll
 0002:00000444       __imp_?WinHelpW@CWinApp@@UAEXKI@Z 0040e444     mfc100ud:mfc100ud.dll
 0002:00000448       __imp_?OnDDECommand@CWinApp@@UAEHPA_W@Z 0040e448     mfc100ud:mfc100ud.dll
 0002:0000044c       __imp_?DoWaitCursor@CWinApp@@UAEXH@Z 0040e44c     mfc100ud:mfc100ud.dll
 0002:00000450       __imp_?DoMessageBox@CWinApp@@UAEHPB_WII@Z 0040e450     mfc100ud:mfc100ud.dll
 0002:00000454       __imp_?SaveAllModified@CWinApp@@UAEHXZ 0040e454     mfc100ud:mfc100ud.dll
 0002:00000458       __imp_?InitApplication@CWinApp@@UAEHXZ 0040e458     mfc100ud:mfc100ud.dll
 0002:0000045c       __imp_?AddToRecentFileList@CWinApp@@UAEXPB_W@Z 0040e45c     mfc100ud:mfc100ud.dll
 0002:00000460       __imp_?OpenDocumentFile@CWinApp@@UAEPAVCDocument@@PB_W@Z 0040e460     mfc100ud:mfc100ud.dll
 0002:00000464       __imp_?OpenDocumentFile@CWinApp@@UAEPAVCDocument@@PB_WH@Z 0040e464     mfc100ud:mfc100ud.dll
 0002:00000468       __imp_?Unregister@CWinApp@@UAEHXZ 0040e468     mfc100ud:mfc100ud.dll
 0002:0000046c       __imp_?Register@CWinApp@@UAEHXZ 0040e46c     mfc100ud:mfc100ud.dll
 0002:00000470       __imp_?InitLibId@CWinApp@@UAEXXZ 0040e470     mfc100ud:mfc100ud.dll
 0002:00000474       __imp_?WriteProfileBinary@CWinApp@@UAEHPB_W0PAEI@Z 0040e474     mfc100ud:mfc100ud.dll
 0002:00000478       __imp_?GetProfileBinary@CWinApp@@UAEHPB_W0PAPAEPAI@Z 0040e478     mfc100ud:mfc100ud.dll
 0002:0000047c       __imp_?WriteProfileStringW@CWinApp@@UAEHPB_W00@Z 0040e47c     mfc100ud:mfc100ud.dll
 0002:00000480       __imp_?GetProfileStringW@CWinApp@@UAE?AV?$CStringT@_WV?$StrTraitMFC_DLL@_WV?$ChTraitsCRT@_W@ATL@@@@@ATL@@PB_W00@Z 0040e480     mfc100ud:mfc100ud.dll
 0002:00000484       __imp_?WriteProfileInt@CWinApp@@UAEHPB_W0H@Z 0040e484     mfc100ud:mfc100ud.dll
[...]
 0002:00002590       ___rtc_tzz                 00410590     msvcrtd:_initsect_.obj
 0002:00002b7c       ___pobjMapEntryFirst       00410b7c     stdafx.obj
 0002:00002b80       ___pobjMapEntryLast        00410b80     stdafx.obj
 0002:00002b84       __IMPORT_DESCRIPTOR_wpcap  00410b84     wpcap:wpcap.dll
 0002:00002b98       __IMPORT_DESCRIPTOR_WS2_32 00410b98     ws2_32:WS2_32.dll
 0002:00002bac       __IMPORT_DESCRIPTOR_mfc100ud 00410bac     mfc100ud:mfc100ud.dll
 0002:00002bc0       __IMPORT_DESCRIPTOR_MSVCR100D 00410bc0     msvcrtd:MSVCR100D.dll
 0002:00002bd4       __IMPORT_DESCRIPTOR_KERNEL32 00410bd4     kernel32:KERNEL32.dll
 0002:00002be8       __IMPORT_DESCRIPTOR_USER32 00410be8     user32:USER32.dll
 0002:00002bfc       __IMPORT_DESCRIPTOR_COMCTL32 00410bfc     comctl32:COMCTL32.dll
 0002:00002c10       __IMPORT_DESCRIPTOR_OLEAUT32 00410c10     oleaut32:OLEAUT32.dll
 0002:00002c24       __NULL_IMPORT_DESCRIPTOR   00410c24     wpcap:wpcap.dll
 0003:00000000       ??_R0?AVCmcf6App@@@8       00412000     mcf6.obj
 0003:00000018       ??_R0?AVCWinApp@@@8        00412018     mcf6.obj
 0003:00000030       ??_R0?AVCWinThread@@@8     00412030     mcf6.obj
 0003:0000004c       ??_R0?AVCCmdTarget@@@8     0041204c     mcf6.obj
 0003:00000068       ??_R0?AVCObject@@@8        00412068     mcf6.obj
 0003:00000080       ??_R0?AVCAboutDlg@@@8      00412080     mcf6Dlg.obj
 0003:00000098       ??_R0?AVCDialog@@@8        00412098     mcf6Dlg.obj
 0003:000000b0       ??_R0?AVCWnd@@@8           004120b0     mcf6Dlg.obj
 0003:000000c4       ??_R0?AVCmcf6Dlg@@@8       004120c4     mcf6Dlg.obj
 0003:000000dc       __pIncludeInitManaged      004120dc     stdafx.obj
 0003:000000e0       ??_R0?AUThank_you@Define_the_symbol__ATL_MIXED@@@8 004120e0     stdafx.obj
 0003:00000118       ??_R0?AVtype_info@@@8      00412118     msvcrtd:ti_inst.obj
 0003:00000130       ___security_cookie         00412130     msvcrtd:gs_cookie.obj
 0003:00000134       ___security_cookie_complement 00412134     msvcrtd:gs_cookie.obj
 0003:00000138       ___globallocalestatus      00412138     msvcrtd:xthdloc.obj
 0003:0000013c       ___defaultmatherr          0041213c     msvcrtd:merr.obj
 0003:00000140       ___native_dllmain_reason   00412140     msvcrtd:natstart.obj
 0003:00000144       ___native_vcclrit_reason   00412144     msvcrtd:natstart.obj
 0003:00000148       ?_RTC_ErrorLevels@@3PAHA   00412148     msvcrtd:_error_.obj
 0003:00000160       ?theApp@@3VCmcf6App@@A     00412160     mcf6.obj
 0003:00000218       ?_pAtlAutoThreadModule@ATL@@3PAUIAtlAutoThreadModule@1@A 00412218     stdafx.obj
 0003:0000021c       ?s_pfnPrevHook@CNoUIAssertHook@ATL@@0P6AHHPADPAH@ZA 0041221c     stdafx.obj
 0003:00000220       ?m_bInitFailed@CAtlBaseModule@ATL@@2_NA 00412220     stdafx.obj
 0003:00000224       ?s_pLog@CFixedStringMgr@ATL@@2PAVIFixedStringLog@2@A 00412224     stdafx.obj
 0003:00000228       ?_pPerfRegFunc@ATL@@3P6AJPAUHINSTANCE__@@@ZA 00412228     stdafx.obj
 0003:0000022c       ?_pPerfUnRegFunc@ATL@@3P6AJXZA 0041222c     stdafx.obj
 0003:00000230       ?_AtlRegisterPerUser@ATL@@3_NA 00412230     stdafx.obj
 0003:00000234       ?_pAtlModule@ATL@@3PAVCAtlModule@1@A 00412234     stdafx.obj
 0003:00000238       ?m_libid@CAtlModule@ATL@@2U_GUID@@A 00412238     stdafx.obj
 0003:00000248       ?_pModule@ATL@@3PAVCComModule@1@A 00412248     stdafx.obj
 0003:0000024c       ?ATL_CREATE_OBJECT@CComApartment@ATL@@2IA 0041224c     stdafx.obj
 0003:00000250       ?clash@Define_the_symbol__ATL_MIXED@@3UThank_you@1@A 00412250     stdafx.obj
 0003:00000254       ?clash@Inconsistent_definition_of_symbol__ATL_MIXED@@3U_Please_define_it_the_same_throughout_your_project@1@A 00412254     stdafx.obj
 0003:00000258       __afxForceEXCLUDE          00412258     mfcs100ud:nolib.obj
 0003:0000025c       ?WM_DESTROYMODELESS@CDHtmlDialog@@1IA 0041225c     mfcs100ud:nolib.obj
 0003:00000260       __afxForceSTDAFX           00412260     mfcs100ud:stdafx.obj
 0003:00000288       __commode                  00412288     msvcrtd:xncommod.obj
 0003:0000028c       __fmode                    0041228c     msvcrtd:xtxtmode.obj
 0003:00000290       __dowildcard               00412290     msvcrtd:wildcard.obj
 0003:00000294       __newmode                  00412294     msvcrtd:_newmode.obj
 0003:00000298       ?wsprintffp@@3P6AHPADPBDZZA 00412298     msvcrtd:_error_.obj
 0003:000005d2       ?_afxInitAppState@@3DA     004125d2     mfcs100ud:appmodul.obj
 0003:000005d4       ___native_startup_state    004125d4     <common>
 0003:000005d8       ___native_startup_lock     004125d8     <common>
 0003:000005dc       ___onexitend               004125dc     <common>
 0003:000005e0       ___onexitbegin             004125e0     <common>
 0003:000005e4       __NoHeapEnableTerminationOnCorruption 004125e4     <common>
 0003:000005e8       ___dyn_tls_init_callback   004125e8     <common>

 entry point at        0001:000083a0

 Static symbols

 0001:fffff000       __unwindfunclet$??1CBitmapButton@@UAE@XZ$0 00400000 f   mcf6Dlg.obj
 0001:fffff000       __unwindfunclet$??1Cmcf6Dlg@@UAE@XZ$0 00400000 f   mcf6Dlg.obj
 0001:fffff008       __unwindfunclet$??1Cmcf6Dlg@@UAE@XZ$1 00400008 f   mcf6Dlg.obj
 0001:fffff008       __unwindfunclet$??1CBitmapButton@@UAE@XZ$1 00400008 f   mcf6Dlg.obj
 0001:fffff013       __unwindfunclet$??1CBitmapButton@@UAE@XZ$2 00400013 f   mcf6Dlg.obj
 0001:fffff016       __unwindfunclet$??1Cmcf6Dlg@@UAE@XZ$2 00400016 f   mcf6Dlg.obj
 0001:fffff01e       __unwindfunclet$??1CBitmapButton@@UAE@XZ$3 0040001e f   mcf6Dlg.obj
 0001:fffff024       __unwindfunclet$??1Cmcf6Dlg@@UAE@XZ$3 00400024 f   mcf6Dlg.obj
 0001:fffff02c       __ehhandler$??1CBitmapButton@@UAE@XZ 0040002c f   mcf6Dlg.obj
 0001:fffff032       __unwindfunclet$??1Cmcf6Dlg@@UAE@XZ$4 00400032 f   mcf6Dlg.obj
 0001:fffff040       __unwindfunclet$??1Cmcf6Dlg@@UAE@XZ$5 00400040 f   mcf6Dlg.obj
 0001:fffff04e       __unwindfunclet$??1Cmcf6Dlg@@UAE@XZ$6 0040004e f   mcf6Dlg.obj
 0001:fffff05c       __unwindfunclet$??1Cmcf6Dlg@@UAE@XZ$7 0040005c f   mcf6Dlg.obj
 0001:fffff06a       __unwindfunclet$??1Cmcf6Dlg@@UAE@XZ$8 0040006a f   mcf6Dlg.obj
 0001:fffff078       __unwindfunclet$??1Cmcf6Dlg@@UAE@XZ$9 00400078 f   mcf6Dlg.obj
 0001:fffff086       __unwindfunclet$??1Cmcf6Dlg@@UAE@XZ$10 00400086 f   mcf6Dlg.obj
 0001:fffff094       __unwindfunclet$??1Cmcf6Dlg@@UAE@XZ$11 00400094 f   mcf6Dlg.obj
 0001:fffff0a2       __unwindfunclet$??1Cmcf6Dlg@@UAE@XZ$12 004000a2 f   mcf6Dlg.obj
 0001:fffff0b0       __unwindfunclet$??1Cmcf6Dlg@@UAE@XZ$13 004000b0 f   mcf6Dlg.obj
 0001:fffff0be       __unwindfunclet$??1Cmcf6Dlg@@UAE@XZ$14 004000be f   mcf6Dlg.obj
 0001:fffff0cc       __unwindfunclet$??1Cmcf6Dlg@@UAE@XZ$15 004000cc f   mcf6Dlg.obj
 0001:fffff0da       __unwindfunclet$??1Cmcf6Dlg@@UAE@XZ$16 004000da f   mcf6Dlg.obj
 0001:fffff0e8       __unwindfunclet$??1Cmcf6Dlg@@UAE@XZ$17 004000e8 f   mcf6Dlg.obj
 0001:fffff0f6       __unwindfunclet$??1Cmcf6Dlg@@UAE@XZ$18 004000f6 f   mcf6Dlg.obj
 0001:fffff104       __unwindfunclet$??1Cmcf6Dlg@@UAE@XZ$19 00400104 f   mcf6Dlg.obj
 0001:fffff112       __unwindfunclet$??1Cmcf6Dlg@@UAE@XZ$20 00400112 f   mcf6Dlg.obj
 0001:fffff120       __unwindfunclet$??1Cmcf6Dlg@@UAE@XZ$21 00400120 f   mcf6Dlg.obj
 0001:fffff12e       __unwindfunclet$??1Cmcf6Dlg@@UAE@XZ$22 0040012e f   mcf6Dlg.obj
 0001:fffff13c       __ehhandler$??1Cmcf6Dlg@@UAE@XZ 0040013c f   mcf6Dlg.obj
 0001:00002450       _localtime                 00403450 f   mcf6Dlg.obj
 0001:000024a0       _time                      004034a0 f   mcf6Dlg.obj
 0001:000082b0       _pre_c_init                004092b0 f   msvcrtd:wcrtexew.obj
 0001:00008340       _pre_cpp_init              00409340 f   msvcrtd:wcrtexew.obj
 0001:000083c0       ___tmainCRTStartup         004093c0 f   msvcrtd:wcrtexew.obj
 0001:000086b0       _check_managed_app         004096b0 f   msvcrtd:wcrtexew.obj
 0001:00008ca0       ?ArrayUnwindFilter@@YAHPAU_EXCEPTION_POINTERS@@@Z 00409ca0 f   msvcrtd:ehvecdtr.obj
 0001:00009200       ?failwithmessage@@YAXPAXHHPBD@Z 0040a200 f   msvcrtd:_error_.obj
 0001:00009420       ?DebuggerProbe@@YAHK@Z     0040a420 f   msvcrtd:_error_.obj
 0001:000094b0       ?DebuggerRuntime@@YAHKHPAXPB_W@Z 0040a4b0 f   msvcrtd:_error_.obj
 0001:00009790       ?_getMemBlockDataString@@YAXPAD00I@Z 0040a790 f   msvcrtd:_error_.obj
 0001:00009db0       ?GetPdbDll@@YAPAUHINSTANCE__@@XZ 0040adb0 f   msvcrtd:_pdblkup_.obj
 0001:0000b7b0       __unwindfunclet$?InitInstance@Cmcf6App@@UAEHXZ$0 0040c7b0 f   mcf6.obj
 0001:0000b7bb       __ehhandler$?InitInstance@Cmcf6App@@UAEHXZ 0040c7bb f   mcf6.obj
 0001:0000b7f0       __unwindfunclet$??1Cmcf6Dlg@@UAE@XZ$0 0040c7f0 f   mcf6.obj
 0001:0000b7f8       __unwindfunclet$??1Cmcf6Dlg@@UAE@XZ$1 0040c7f8 f   mcf6.obj
 0001:0000b806       __unwindfunclet$??1Cmcf6Dlg@@UAE@XZ$2 0040c806 f   mcf6.obj
 0001:0000b814       __unwindfunclet$??1Cmcf6Dlg@@UAE@XZ$3 0040c814 f   mcf6.obj
 0001:0000b822       __unwindfunclet$??1Cmcf6Dlg@@UAE@XZ$4 0040c822 f   mcf6.obj
 0001:0000b830       __unwindfunclet$??1Cmcf6Dlg@@UAE@XZ$5 0040c830 f   mcf6.obj
 0001:0000b83e       __unwindfunclet$??1Cmcf6Dlg@@UAE@XZ$6 0040c83e f   mcf6.obj
 0001:0000b84c       __unwindfunclet$??1Cmcf6Dlg@@UAE@XZ$7 0040c84c f   mcf6.obj
 0001:0000b85a       __unwindfunclet$??1Cmcf6Dlg@@UAE@XZ$8 0040c85a f   mcf6.obj
 0001:0000b868       __unwindfunclet$??1Cmcf6Dlg@@UAE@XZ$9 0040c868 f   mcf6.obj
 0001:0000b876       __unwindfunclet$??1Cmcf6Dlg@@UAE@XZ$10 0040c876 f   mcf6.obj
 0001:0000b884       __unwindfunclet$??1Cmcf6Dlg@@UAE@XZ$11 0040c884 f   mcf6.obj
 0001:0000b892       __unwindfunclet$??1Cmcf6Dlg@@UAE@XZ$12 0040c892 f   mcf6.obj
 0001:0000b8a0       __unwindfunclet$??1Cmcf6Dlg@@UAE@XZ$13 0040c8a0 f   mcf6.obj
 0001:0000b8ae       __unwindfunclet$??1Cmcf6Dlg@@UAE@XZ$14 0040c8ae f   mcf6.obj
 0001:0000b8bc       __unwindfunclet$??1Cmcf6Dlg@@UAE@XZ$15 0040c8bc f   mcf6.obj
 0001:0000b8ca       __unwindfunclet$??1Cmcf6Dlg@@UAE@XZ$16 0040c8ca f   mcf6.obj
 0001:0000b8d8       __unwindfunclet$??1Cmcf6Dlg@@UAE@XZ$17 0040c8d8 f   mcf6.obj
 0001:0000b8e6       __unwindfunclet$??1Cmcf6Dlg@@UAE@XZ$18 0040c8e6 f   mcf6.obj
 0001:0000b8f4       __unwindfunclet$??1Cmcf6Dlg@@UAE@XZ$19 0040c8f4 f   mcf6.obj
 0001:0000b902       __unwindfunclet$??1Cmcf6Dlg@@UAE@XZ$20 0040c902 f   mcf6.obj
 0001:0000b910       __unwindfunclet$??1Cmcf6Dlg@@UAE@XZ$21 0040c910 f   mcf6.obj
 0001:0000b91e       __unwindfunclet$??1Cmcf6Dlg@@UAE@XZ$22 0040c91e f   mcf6.obj
 0001:0000b92c       __ehhandler$??1Cmcf6Dlg@@UAE@XZ 0040c92c f   mcf6.obj
 0001:0000b950       __unwindfunclet$??1CBitmapButton@@UAE@XZ$0 0040c950 f   mcf6.obj
 0001:0000b958       __unwindfunclet$??1CBitmapButton@@UAE@XZ$1 0040c958 f   mcf6.obj
 0001:0000b963       __unwindfunclet$??1CBitmapButton@@UAE@XZ$2 0040c963 f   mcf6.obj
 0001:0000b96e       __unwindfunclet$??1CBitmapButton@@UAE@XZ$3 0040c96e f   mcf6.obj
 0001:0000b97c       __ehhandler$??1CBitmapButton@@UAE@XZ 0040c97c f   mcf6.obj
 0001:0000b9a0       __unwindfunclet$??0Cmcf6Dlg@@QAE@PAVCWnd@@@Z$0 0040c9a0 f   mcf6Dlg.obj
 0001:0000b9a8       __unwindfunclet$??0Cmcf6Dlg@@QAE@PAVCWnd@@@Z$1 0040c9a8 f   mcf6Dlg.obj
 0001:0000b9b6       __unwindfunclet$??0Cmcf6Dlg@@QAE@PAVCWnd@@@Z$2 0040c9b6 f   mcf6Dlg.obj
 0001:0000b9c4       __unwindfunclet$??0Cmcf6Dlg@@QAE@PAVCWnd@@@Z$3 0040c9c4 f   mcf6Dlg.obj
 0001:0000b9d2       __unwindfunclet$??0Cmcf6Dlg@@QAE@PAVCWnd@@@Z$4 0040c9d2 f   mcf6Dlg.obj
 0001:0000b9e0       __unwindfunclet$??0Cmcf6Dlg@@QAE@PAVCWnd@@@Z$5 0040c9e0 f   mcf6Dlg.obj
 0001:0000b9ee       __unwindfunclet$??0Cmcf6Dlg@@QAE@PAVCWnd@@@Z$6 0040c9ee f   mcf6Dlg.obj
 0001:0000b9fc       __unwindfunclet$??0Cmcf6Dlg@@QAE@PAVCWnd@@@Z$7 0040c9fc f   mcf6Dlg.obj
 0001:0000ba0a       __unwindfunclet$??0Cmcf6Dlg@@QAE@PAVCWnd@@@Z$8 0040ca0a f   mcf6Dlg.obj
 0001:0000ba18       __unwindfunclet$??0Cmcf6Dlg@@QAE@PAVCWnd@@@Z$9 0040ca18 f   mcf6Dlg.obj
 0001:0000ba26       __unwindfunclet$??0Cmcf6Dlg@@QAE@PAVCWnd@@@Z$10 0040ca26 f   mcf6Dlg.obj
 0001:0000ba34       __unwindfunclet$??0Cmcf6Dlg@@QAE@PAVCWnd@@@Z$11 0040ca34 f   mcf6Dlg.obj
 0001:0000ba42       __unwindfunclet$??0Cmcf6Dlg@@QAE@PAVCWnd@@@Z$12 0040ca42 f   mcf6Dlg.obj
 0001:0000ba50       __unwindfunclet$??0Cmcf6Dlg@@QAE@PAVCWnd@@@Z$13 0040ca50 f   mcf6Dlg.obj
 0001:0000ba5e       __unwindfunclet$??0Cmcf6Dlg@@QAE@PAVCWnd@@@Z$14 0040ca5e f   mcf6Dlg.obj
 0001:0000ba6c       __unwindfunclet$??0Cmcf6Dlg@@QAE@PAVCWnd@@@Z$15 0040ca6c f   mcf6Dlg.obj
 0001:0000ba7a       __unwindfunclet$??0Cmcf6Dlg@@QAE@PAVCWnd@@@Z$16 0040ca7a f   mcf6Dlg.obj
 0001:0000ba88       __unwindfunclet$??0Cmcf6Dlg@@QAE@PAVCWnd@@@Z$17 0040ca88 f   mcf6Dlg.obj
 0001:0000ba96       __unwindfunclet$??0Cmcf6Dlg@@QAE@PAVCWnd@@@Z$18 0040ca96 f   mcf6Dlg.obj
 0001:0000baa4       __unwindfunclet$??0Cmcf6Dlg@@QAE@PAVCWnd@@@Z$19 0040caa4 f   mcf6Dlg.obj
 0001:0000bab2       __unwindfunclet$??0Cmcf6Dlg@@QAE@PAVCWnd@@@Z$20 0040cab2 f   mcf6Dlg.obj
 0001:0000bac0       __unwindfunclet$??0Cmcf6Dlg@@QAE@PAVCWnd@@@Z$21 0040cac0 f   mcf6Dlg.obj
 0001:0000bace       __unwindfunclet$??0Cmcf6Dlg@@QAE@PAVCWnd@@@Z$22 0040cace f   mcf6Dlg.obj
 0001:0000badc       __unwindfunclet$??0Cmcf6Dlg@@QAE@PAVCWnd@@@Z$23 0040cadc f   mcf6Dlg.obj
 0001:0000baea       __ehhandler$??0Cmcf6Dlg@@QAE@PAVCWnd@@@Z 0040caea f   mcf6Dlg.obj
 0001:0000bb10       __unwindfunclet$?OnInitDialog@Cmcf6Dlg@@MAEHXZ$0 0040cb10 f   mcf6Dlg.obj
 0001:0000bb22       __unwindfunclet$?OnInitDialog@Cmcf6Dlg@@MAEHXZ$1 0040cb22 f   mcf6Dlg.obj
 0001:0000bb37       __ehhandler$?OnInitDialog@Cmcf6Dlg@@MAEHXZ 0040cb37 f   mcf6Dlg.obj
 0001:0000bb60       __unwindfunclet$?OnSysCommand@Cmcf6Dlg@@IAEXIJ@Z$0 0040cb60 f   mcf6Dlg.obj
 0001:0000bb6b       __ehhandler$?OnSysCommand@Cmcf6Dlg@@IAEXIJ@Z 0040cb6b f   mcf6Dlg.obj
 0001:0000bb90       __unwindfunclet$?OnPaint@Cmcf6Dlg@@IAEXXZ$0 0040cb90 f   mcf6Dlg.obj
 0001:0000bb98       __ehhandler$?OnPaint@Cmcf6Dlg@@IAEXXZ 0040cb98 f   mcf6Dlg.obj
 0001:0000bbc0       __unwindfunclet$?OnBnClickedButton4@Cmcf6Dlg@@QAEXXZ$0 0040cbc0 f   mcf6Dlg.obj
 0001:0000bbcb       __ehhandler$?OnBnClickedButton4@Cmcf6Dlg@@QAEXXZ 0040cbcb f   mcf6Dlg.obj
 0001:0000bc00       __unwindfunclet$?lixsniff_startCap@Cmcf6Dlg@@QAEHXZ$0 0040cc00 f   mcf6Dlg.obj
 0001:0000bc15       __unwindfunclet$?lixsniff_startCap@Cmcf6Dlg@@QAEHXZ$1 0040cc15 f   mcf6Dlg.obj
 0001:0000bc2a       __unwindfunclet$?lixsniff_startCap@Cmcf6Dlg@@QAEHXZ$2 0040cc2a f   mcf6Dlg.obj
 0001:0000bc3c       __unwindfunclet$?lixsniff_startCap@Cmcf6Dlg@@QAEHXZ$3 0040cc3c f   mcf6Dlg.obj
 0001:0000bc47       __unwindfunclet$?lixsniff_startCap@Cmcf6Dlg@@QAEHXZ$4 0040cc47 f   mcf6Dlg.obj
 0001:0000bc5c       __ehhandler$?lixsniff_startCap@Cmcf6Dlg@@QAEHXZ 0040cc5c f   mcf6Dlg.obj
 0001:0000bc90       __unwindfunclet$?lixsinff_CapThread@@YGKPAX@Z$0 0040cc90 f   mcf6Dlg.obj
 0001:0000bca2       __unwindfunclet$?lixsinff_CapThread@@YGKPAX@Z$1 0040cca2 f   mcf6Dlg.obj
 0001:0000bcb4       __unwindfunclet$?lixsinff_CapThread@@YGKPAX@Z$2 0040ccb4 f   mcf6Dlg.obj
 0001:0000bcc6       __unwindfunclet$?lixsinff_CapThread@@YGKPAX@Z$3 0040ccc6 f   mcf6Dlg.obj
 0001:0000bcd8       __unwindfunclet$?lixsinff_CapThread@@YGKPAX@Z$4 0040ccd8 f   mcf6Dlg.obj
 0001:0000bced       __unwindfunclet$?lixsinff_CapThread@@YGKPAX@Z$5 0040cced f   mcf6Dlg.obj
 0001:0000bd02       __unwindfunclet$?lixsinff_CapThread@@YGKPAX@Z$6 0040cd02 f   mcf6Dlg.obj
 0001:0000bd17       __ehhandler$?lixsinff_CapThread@@YGKPAX@Z 0040cd17 f   mcf6Dlg.obj
 0001:0000bd40       __unwindfunclet$?lixsniff_updateEdit@Cmcf6Dlg@@QAEHH@Z$0 0040cd40 f   mcf6Dlg.obj
 0001:0000bd52       __ehhandler$?lixsniff_updateEdit@Cmcf6Dlg@@QAEHH@Z 0040cd52 f   mcf6Dlg.obj
 0001:0000bd70       __unwindfunclet$?lixsniff_updateNPacket@Cmcf6Dlg@@QAEHXZ$0 0040cd70 f   mcf6Dlg.obj
 0001:0000bd82       __ehhandler$?lixsniff_updateNPacket@Cmcf6Dlg@@QAEHXZ 0040cd82 f   mcf6Dlg.obj
 0001:0000bda0       __unwindfunclet$?lixsniff_updateTree@Cmcf6Dlg@@QAEHH@Z$0 0040cda0 f   mcf6Dlg.obj
 0001:0000bdb2       __unwindfunclet$?lixsniff_updateTree@Cmcf6Dlg@@QAEHH@Z$1 0040cdb2 f   mcf6Dlg.obj
 0001:0000bdc7       __unwindfunclet$?lixsniff_updateTree@Cmcf6Dlg@@QAEHH@Z$2 0040cdc7 f   mcf6Dlg.obj
 0001:0000bddc       __ehhandler$?lixsniff_updateTree@Cmcf6Dlg@@QAEHH@Z 0040cddc f   mcf6Dlg.obj
 0001:0000be00       __unwindfunclet$?lixsniff_saveFile@Cmcf6Dlg@@QAEHXZ$0 0040ce00 f   mcf6Dlg.obj
 0001:0000be08       __unwindfunclet$?lixsniff_saveFile@Cmcf6Dlg@@QAEHXZ$1 0040ce08 f   mcf6Dlg.obj
 0001:0000be1d       __unwindfunclet$?lixsniff_saveFile@Cmcf6Dlg@@QAEHXZ$2 0040ce1d f   mcf6Dlg.obj
 0001:0000be28       __unwindfunclet$?lixsniff_saveFile@Cmcf6Dlg@@QAEHXZ$3 0040ce28 f   mcf6Dlg.obj
 0001:0000be3d       __ehhandler$?lixsniff_saveFile@Cmcf6Dlg@@QAEHXZ 0040ce3d f   mcf6Dlg.obj
 0001:0000be70       __unwindfunclet$?lixsniff_readFile@Cmcf6Dlg@@QAEHV?$CStringT@_WV?$StrTraitMFC_DLL@_WV?$ChTraitsCRT@_W@ATL@@@@@ATL@@@Z$0 0040ce70 f   mcf6Dlg.obj
 0001:0000be82       __unwindfunclet$?lixsniff_readFile@Cmcf6Dlg@@QAEHV?$CStringT@_WV?$StrTraitMFC_DLL@_WV?$ChTraitsCRT@_W@ATL@@@@@ATL@@@Z$1 0040ce82 f   mcf6Dlg.obj
 0001:0000be94       __unwindfunclet$?lixsniff_readFile@Cmcf6Dlg@@QAEHV?$CStringT@_WV?$StrTraitMFC_DLL@_WV?$ChTraitsCRT@_W@ATL@@@@@ATL@@@Z$2 0040ce94 f   mcf6Dlg.obj
 0001:0000bea6       __unwindfunclet$?lixsniff_readFile@Cmcf6Dlg@@QAEHV?$CStringT@_WV?$StrTraitMFC_DLL@_WV?$ChTraitsCRT@_W@ATL@@@@@ATL@@@Z$3 0040cea6 f   mcf6Dlg.obj
 0001:0000beb8       __unwindfunclet$?lixsniff_readFile@Cmcf6Dlg@@QAEHV?$CStringT@_WV?$StrTraitMFC_DLL@_WV?$ChTraitsCRT@_W@ATL@@@@@ATL@@@Z$4 0040ceb8 f   mcf6Dlg.obj
 0001:0000beca       __unwindfunclet$?lixsniff_readFile@Cmcf6Dlg@@QAEHV?$CStringT@_WV?$StrTraitMFC_DLL@_WV?$ChTraitsCRT@_W@ATL@@@@@ATL@@@Z$5 0040ceca f   mcf6Dlg.obj
 0001:0000bedf       __unwindfunclet$?lixsniff_readFile@Cmcf6Dlg@@QAEHV?$CStringT@_WV?$StrTraitMFC_DLL@_WV?$ChTraitsCRT@_W@ATL@@@@@ATL@@@Z$6 0040cedf f   mcf6Dlg.obj
 0001:0000bef4       __unwindfunclet$?lixsniff_readFile@Cmcf6Dlg@@QAEHV?$CStringT@_WV?$StrTraitMFC_DLL@_WV?$ChTraitsCRT@_W@ATL@@@@@ATL@@@Z$7 0040cef4 f   mcf6Dlg.obj
 0001:0000bf09       __unwindfunclet$?lixsniff_readFile@Cmcf6Dlg@@QAEHV?$CStringT@_WV?$StrTraitMFC_DLL@_WV?$ChTraitsCRT@_W@ATL@@@@@ATL@@@Z$8 0040cf09 f   mcf6Dlg.obj
 0001:0000bf1e       __unwindfunclet$?lixsniff_readFile@Cmcf6Dlg@@QAEHV?$CStringT@_WV?$StrTraitMFC_DLL@_WV?$ChTraitsCRT@_W@ATL@@@@@ATL@@@Z$9 0040cf1e f   mcf6Dlg.obj
 0001:0000bf33       __ehhandler$?lixsniff_readFile@Cmcf6Dlg@@QAEHV?$CStringT@_WV?$StrTraitMFC_DLL@_WV?$ChTraitsCRT@_W@ATL@@@@@ATL@@@Z 0040cf33 f   mcf6Dlg.obj
 0001:0000bf60       __unwindfunclet$??HATL@@YA?AV?$CStringT@_WV?$StrTraitMFC_DLL@_WV?$ChTraitsCRT@_W@ATL@@@@@0@PB_WABV10@@Z$0 0040cf60 f   mcf6Dlg.obj
 0001:0000bf72       __ehhandler$??HATL@@YA?AV?$CStringT@_WV?$StrTraitMFC_DLL@_WV?$ChTraitsCRT@_W@ATL@@@@@0@PB_WABV10@@Z 0040cf72 f   mcf6Dlg.obj
 0001:0000bf90       ??__EtheApp@@YAXXZ         0040cf90 f   mcf6.obj
 0001:0000bfe0       ??__Eclash@Inconsistent_definition_of_symbol__ATL_MIXED@@YAXXZ 0040cfe0 f   stdafx.obj
 0001:0000c010       ??__Eclash@Define_the_symbol__ATL_MIXED@@YAXXZ 0040d010 f   stdafx.obj
 0001:0000c050       ??__Eclash@Inconsistent_definition_of_symbol__ATL_MIXED@@YAXXZ 0040d050 f   mfcs100ud:nolib.obj
 0001:0000c060       ??__Eclash@Define_the_symbol__ATL_MIXED@@YAXXZ 0040d060 f   mfcs100ud:nolib.obj
 0001:0000c080       ??__Eclash@Inconsistent_definition_of_symbol__ATL_MIXED@@YAXXZ 0040d080 f   mfcs100ud:stdafx.obj
 0001:0000c090       ??__Eclash@Define_the_symbol__ATL_MIXED@@YAXXZ 0040d090 f   mfcs100ud:stdafx.obj
 0001:0000c0b0       ??__E_afxInitAppState@@YAXXZ 0040d0b0 f   mfcs100ud:appmodul.obj
 0001:0000c0d0       ??__Eclash@Inconsistent_definition_of_symbol__ATL_MIXED@@YAXXZ 0040d0d0 f   mfcs100ud:appmodul.obj
 0001:0000c0e0       ??__Eclash@Define_the_symbol__ATL_MIXED@@YAXXZ 0040d0e0 f   mfcs100ud:appmodul.obj
 0001:0000c100       ??__FtheApp@@YAXXZ         0040d100 f   mcf6.obj
